2026-01-08T10:23:10.033+0900 [DEBUG] [org.gradle.launcher.daemon.bootstrap.DaemonMain] Assuming the daemon was started with following jvm opts: [--add-opens=java.base/java.util=ALL-UNNAMED, --add-opens=java.base/java.lang=ALL-UNNAMED, --add-opens=java.base/java.lang.invoke=ALL-UNNAMED, --add-opens=java.prefs/java.util.prefs=ALL-UNNAMED, --add-opens=java.base/java.nio.charset=ALL-UNNAMED, --add-opens=java.base/java.net=ALL-UNNAMED, --add-opens=java.base/java.util.concurrent.atomic=ALL-UNNAMED, -XX:MaxMetaspaceSize=384m, -XX:+HeapDumpOnOutOfMemoryError, -Xms256m, -Xmx512m, -Dfile.encoding=UTF-8, -Duser.country=JP, -Duser.language=ja, -Duser.variant]
2026-01-08T10:23:10.103+0900 [INFO] [org.gradle.launcher.daemon.server.Daemon] start() called on daemon - DefaultDaemonContext[uid=fdb94f3b-ba8d-4084-bfef-67d1a877dded,javaHome=/home/iu/miniconda3/envs/env_for_DECheck_java17/lib/jvm,daemonRegistryDir=/media/iu/STORAGE/__GitHub__/Prjct_2025_DEQACheck/.gradle-user/daemon,pid=25294,idleTimeout=120000,priority=NORMAL,applyInstrumentationAgent=true,daemonOpts=--add-opens=java.base/java.util=ALL-UNNAMED,--add-opens=java.base/java.lang=ALL-UNNAMED,--add-opens=java.base/java.lang.invoke=ALL-UNNAMED,--add-opens=java.prefs/java.util.prefs=ALL-UNNAMED,--add-opens=java.base/java.nio.charset=ALL-UNNAMED,--add-opens=java.base/java.net=ALL-UNNAMED,--add-opens=java.base/java.util.concurrent.atomic=ALL-UNNAMED,-XX:MaxMetaspaceSize=384m,-XX:+HeapDumpOnOutOfMemoryError,-Xms256m,-Xmx512m,-Dfile.encoding=UTF-8,-Duser.country=JP,-Duser.language=ja,-Duser.variant]
2026-01-08T10:23:10.117+0900 [DEBUG] [org.gradle.internal.remote.internal.inet.InetAddresses] Adding IP addresses for network interface docker0
2026-01-08T10:23:10.118+0900 [DEBUG] [org.gradle.internal.remote.internal.inet.InetAddresses] Is this a loopback interface? false
2026-01-08T10:23:10.118+0900 [DEBUG] [org.gradle.internal.remote.internal.inet.InetAddresses] Adding remote address /172.17.0.1
2026-01-08T10:23:10.118+0900 [DEBUG] [org.gradle.internal.remote.internal.inet.InetAddresses] Adding IP addresses for network interface wlo1
2026-01-08T10:23:10.118+0900 [DEBUG] [org.gradle.internal.remote.internal.inet.InetAddresses] Is this a loopback interface? false
2026-01-08T10:23:10.119+0900 [DEBUG] [org.gradle.internal.remote.internal.inet.InetAddresses] Adding remote address /fe80:0:0:0:2de2:dd21:f868:429c%wlo1
2026-01-08T10:23:10.119+0900 [DEBUG] [org.gradle.internal.remote.internal.inet.InetAddresses] Adding remote address /192.168.52.161
2026-01-08T10:23:10.119+0900 [DEBUG] [org.gradle.internal.remote.internal.inet.InetAddresses] Adding IP addresses for network interface lo
2026-01-08T10:23:10.119+0900 [DEBUG] [org.gradle.internal.remote.internal.inet.InetAddresses] Is this a loopback interface? true
2026-01-08T10:23:10.120+0900 [DEBUG] [org.gradle.internal.remote.internal.inet.InetAddresses] Adding loopback address /0:0:0:0:0:0:0:1%lo
2026-01-08T10:23:10.120+0900 [DEBUG] [org.gradle.internal.remote.internal.inet.InetAddresses] Adding loopback address /127.0.0.1
2026-01-08T10:23:10.122+0900 [DEBUG] [org.gradle.internal.remote.internal.inet.TcpIncomingConnector] Listening on [4022a7e7-2047-475f-83f7-a671893cdcb2 port:37235, addresses:[localhost/127.0.0.1]].
2026-01-08T10:23:10.131+0900 [DEBUG] [org.gradle.launcher.daemon.server.Daemon] Daemon starting at: Thu Jan 08 10:23:10 JST 2026, with address: [4022a7e7-2047-475f-83f7-a671893cdcb2 port:37235, addresses:[localhost/127.0.0.1]]
2026-01-08T10:23:10.132+0900 [INFO] [org.gradle.launcher.daemon.server.DaemonRegistryUpdater] Advertising the daemon address to the clients: [4022a7e7-2047-475f-83f7-a671893cdcb2 port:37235, addresses:[localhost/127.0.0.1]]
2026-01-08T10:23:10.132+0900 [DEBUG] [org.gradle.launcher.daemon.server.DaemonRegistryUpdater] Advertised daemon context: DefaultDaemonContext[uid=fdb94f3b-ba8d-4084-bfef-67d1a877dded,javaHome=/home/iu/miniconda3/envs/env_for_DECheck_java17/lib/jvm,daemonRegistryDir=/media/iu/STORAGE/__GitHub__/Prjct_2025_DEQACheck/.gradle-user/daemon,pid=25294,idleTimeout=120000,priority=NORMAL,applyInstrumentationAgent=true,daemonOpts=--add-opens=java.base/java.util=ALL-UNNAMED,--add-opens=java.base/java.lang=ALL-UNNAMED,--add-opens=java.base/java.lang.invoke=ALL-UNNAMED,--add-opens=java.prefs/java.util.prefs=ALL-UNNAMED,--add-opens=java.base/java.nio.charset=ALL-UNNAMED,--add-opens=java.base/java.net=ALL-UNNAMED,--add-opens=java.base/java.util.concurrent.atomic=ALL-UNNAMED,-XX:MaxMetaspaceSize=384m,-XX:+HeapDumpOnOutOfMemoryError,-Xms256m,-Xmx512m,-Dfile.encoding=UTF-8,-Duser.country=JP,-Duser.language=ja,-Duser.variant]
2026-01-08T10:23:10.133+0900 [DEBUG] [org.gradle.launcher.daemon.registry.PersistentDaemonRegistry] Storing daemon address: [4022a7e7-2047-475f-83f7-a671893cdcb2 port:37235, addresses:[localhost/127.0.0.1]], context: DefaultDaemonContext[uid=fdb94f3b-ba8d-4084-bfef-67d1a877dded,javaHome=/home/iu/miniconda3/envs/env_for_DECheck_java17/lib/jvm,daemonRegistryDir=/media/iu/STORAGE/__GitHub__/Prjct_2025_DEQACheck/.gradle-user/daemon,pid=25294,idleTimeout=120000,priority=NORMAL,applyInstrumentationAgent=true,daemonOpts=--add-opens=java.base/java.util=ALL-UNNAMED,--add-opens=java.base/java.lang=ALL-UNNAMED,--add-opens=java.base/java.lang.invoke=ALL-UNNAMED,--add-opens=java.prefs/java.util.prefs=ALL-UNNAMED,--add-opens=java.base/java.nio.charset=ALL-UNNAMED,--add-opens=java.base/java.net=ALL-UNNAMED,--add-opens=java.base/java.util.concurrent.atomic=ALL-UNNAMED,-XX:MaxMetaspaceSize=384m,-XX:+HeapDumpOnOutOfMemoryError,-Xms256m,-Xmx512m,-Dfile.encoding=UTF-8,-Duser.country=JP,-Duser.language=ja,-Duser.variant]
2026-01-08T10:23:10.137+0900 [DEBUG] [org.gradle.cache.internal.DefaultFileLockManager] Waiting to acquire exclusive lock on daemon addresses registry.
2026-01-08T10:23:10.139+0900 [DEBUG] [org.gradle.cache.internal.DefaultFileLockManager] Lock acquired on daemon addresses registry.
2026-01-08T10:23:10.140+0900 [DEBUG] [org.gradle.cache.internal.DefaultFileLockManager] Releasing lock on daemon addresses registry.
2026-01-08T10:23:10.140+0900 [DEBUG] [org.gradle.cache.internal.DefaultFileLockManager] Waiting to acquire exclusive lock on daemon addresses registry.
2026-01-08T10:23:10.141+0900 [DEBUG] [org.gradle.cache.internal.DefaultFileLockManager] Lock acquired on daemon addresses registry.
2026-01-08T10:23:10.142+0900 [DEBUG] [org.gradle.cache.internal.DefaultFileLockManager] Releasing lock on daemon addresses registry.
2026-01-08T10:23:10.142+0900 [LIFECYCLE] [org.gradle.launcher.daemon.server.Daemon] Daemon server started.
2026-01-08T10:23:10.143+0900 [DEBUG] [org.gradle.launcher.daemon.bootstrap.DaemonStartupCommunication] Completed writing the daemon greeting. Closing streams...
2026-01-08T10:23:10.144+0900 [DEBUG] [org.gradle.launcher.daemon.server.Daemon] stopOnExpiration() called on daemon
2026-01-08T10:23:10.145+0900 [DEBUG] [org.gradle.launcher.daemon.server.Daemon] awaitExpiration() called on daemon
2026-01-08T10:23:10.145+0900 [DEBUG] [org.gradle.launcher.daemon.server.DaemonStateCoordinator] daemon is running. Sleeping until state changes.
2026-01-08T10:23:10.159+0900 [DEBUG] [org.gradle.internal.remote.internal.inet.TcpIncomingConnector] Accepted connection from /127.0.0.1:59856 to /127.0.0.1:37235.
2026-01-08T10:23:10.187+0900 [DEBUG] [org.gradle.launcher.daemon.server.SynchronizedDispatchConnection] thread 29: received class org.gradle.launcher.daemon.protocol.Build
2026-01-08T10:23:10.188+0900 [DEBUG] [org.gradle.launcher.daemon.server.DefaultDaemonConnection] thread 29: Received non-IO message from client: Build{id=78efca88-f9c8-48e8-8262-1409efb52073, currentDir=/media/iu/STORAGE/__GitHub__/Prjct_2025_DEQACheck}
2026-01-08T10:23:10.188+0900 [INFO] [org.gradle.launcher.daemon.server.DefaultIncomingConnectionHandler] Received command: Build{id=78efca88-f9c8-48e8-8262-1409efb52073, currentDir=/media/iu/STORAGE/__GitHub__/Prjct_2025_DEQACheck}.
2026-01-08T10:23:10.189+0900 [DEBUG] [org.gradle.launcher.daemon.server.DefaultIncomingConnectionHandler] Starting executing command: Build{id=78efca88-f9c8-48e8-8262-1409efb52073, currentDir=/media/iu/STORAGE/__GitHub__/Prjct_2025_DEQACheck} with connection: socket connection from /127.0.0.1:37235 to /127.0.0.1:59856.
2026-01-08T10:23:10.192+0900 [DEBUG] [org.gradle.launcher.daemon.server.DaemonStateCoordinator] Command execution: started DaemonCommandExecution[command = Build{id=78efca88-f9c8-48e8-8262-1409efb52073, currentDir=/media/iu/STORAGE/__GitHub__/Prjct_2025_DEQACheck}, connection = DefaultDaemonConnection: socket connection from /127.0.0.1:37235 to /127.0.0.1:59856] after 0.0 minutes of idle
2026-01-08T10:23:10.192+0900 [INFO] [org.gradle.launcher.daemon.server.DaemonRegistryUpdater] Marking the daemon as busy, address: [4022a7e7-2047-475f-83f7-a671893cdcb2 port:37235, addresses:[localhost/127.0.0.1]]
2026-01-08T10:23:10.192+0900 [DEBUG] [org.gradle.launcher.daemon.registry.PersistentDaemonRegistry] Marking busy by address: [4022a7e7-2047-475f-83f7-a671893cdcb2 port:37235, addresses:[localhost/127.0.0.1]]
2026-01-08T10:23:10.193+0900 [DEBUG] [org.gradle.cache.internal.DefaultFileLockManager] Waiting to acquire exclusive lock on daemon addresses registry.
2026-01-08T10:23:10.193+0900 [DEBUG] [org.gradle.cache.internal.DefaultFileLockManager] Lock acquired on daemon addresses registry.
2026-01-08T10:23:10.194+0900 [DEBUG] [org.gradle.cache.internal.DefaultFileLockManager] Releasing lock on daemon addresses registry.
2026-01-08T10:23:10.194+0900 [DEBUG] [org.gradle.launcher.daemon.server.DaemonStateCoordinator] resetting idle timer
2026-01-08T10:23:10.195+0900 [DEBUG] [org.gradle.launcher.daemon.server.DaemonStateCoordinator] daemon is running. Sleeping until state changes.
2026-01-08T10:23:10.195+0900 [INFO] [org.gradle.launcher.daemon.server.exec.StartBuildOrRespondWithBusy] Daemon is about to start building Build{id=78efca88-f9c8-48e8-8262-1409efb52073, currentDir=/media/iu/STORAGE/__GitHub__/Prjct_2025_DEQACheck}. Dispatching build started information...
2026-01-08T10:23:10.195+0900 [DEBUG] [org.gradle.launcher.daemon.server.SynchronizedDispatchConnection] thread 31: dispatching org.gradle.launcher.daemon.protocol.BuildStarted@24d7f2dd
2026-01-08T10:23:10.197+0900 [DEBUG] [org.gradle.launcher.daemon.server.exec.EstablishBuildEnvironment] Configuring env variables: [PATH, XMODIFIERS, MNI_PERL5LIB, GDMSESSION, FS_OVERRIDE, CONDA_DEFAULT_ENV, CONDA_PYTHON_EXE, DBUS_SESSION_BUS_ADDRESS, CONDA_PREFIX, COLORTERM, PS1_BASE, LC_PAPER, SDKMAN_DIR, SESSION_MANAGER, USERNAME, PWD, ENABLE_IDE_INTEGRATION, SDKMAN_BROKER_API, LANGUAGE, FSFAST_HOME, NVM_CD_FLAGS, LESSOPEN, SDKMAN_CANDIDATES_API, DIRENV_DIFF, LOCAL_DIR, GNOME_DESKTOP_SESSION_ID, GNOME_TERMINAL_SCREEN, GTK_MODULES, TERM_SESSION_ID, FSL_BIN, DIRENV_WATCHES, CONDA_PROMPT_MODIFIER, GNOME_SETUP_DISPLAY, FSF_OUTPUT_FORMAT, SHLVL, GSETTINGS_SCHEMA_DIR_CONDA_BACKUP, FSLOUTPUTTYPE, CONDA_EXE, JAVA_HOME, TERM, XDG_CONFIG_DIRS, GRADLE_HOME, GRADLE_USER_HOME, NVM_INC, WAYLAND_DISPLAY, LC_NAME, PS1_BASE_SET, XDG_SESSION_CLASS, _, JAVA_LD_LIBRARY_PATH, DESKTOP_SESSION, XDG_MENU_PREFIX, VTE_VERSION, QT_ACCESSIBILITY, TERMINAL_EMULATOR, FSL_SKIP_GLOBAL, NVM_BIN, LC_MEASUREMENT, XAUTHORITY, LC_TELEPHONE, XDG_DATA_DIRS, FSLMULTIFILEQUIT, LC_TIME, XDG_CURRENT_DESKTOP, LOGNAME, IM_CONFIG_PHASE, MINC_LIB_DIR, FMRI_ANALYSIS_DIR, FSL_LOAD_NIFTI_EXTENSIONS, CODEX_MANAGED_BY_NPM, SHELL, CODEX_SANDBOX_NETWORK_DISABLED, LC_ADDRESS, FSLWISH, OLDPWD, MNI_DATAPATH, CLAUDE_CODE_SSE_PORT, SUBJECTS_DIR, FSLTCLSH, SYSTEMD_EXEC_PID, FSL_DIR, LS_COLORS, XDG_SESSION_DESKTOP, SSH_AGENT_LAUNCHER, LC_IDENTIFICATION, LESSCLOSE, LC_MONETARY, MINC_BIN_DIR, QT_IM_MODULE, FSLDIR, GNOME_TERMINAL_SERVICE, FIX_VERTEX_AREA, LANG, XDG_SESSION_TYPE, DISPLAY, DIRENV_DIR, PERL5LIB, CONDA_SHLVL, SDKMAN_CANDIDATES_DIR, NVM_DIR, OS, SDKMAN_PLATFORM, USER, LC_NUMERIC, SSH_AUTH_SOCK, FREESURFER_HOME, FUNCTIONALS_DIR, GSETTINGS_SCHEMA_DIR, IM_CONFIG_CHECK_ENV, GNOME_SHELL_SESSION_MODE, MNI_DIR, XDG_RUNTIME_DIR, HOME]
2026-01-08T10:23:10.198+0900 [DEBUG] [org.gradle.launcher.daemon.server.SynchronizedDispatchConnection] thread 29: received class org.gradle.launcher.daemon.protocol.CloseInput
2026-01-08T10:23:10.198+0900 [DEBUG] [org.gradle.launcher.daemon.server.DefaultDaemonConnection] thread 29: Received IO message from client: org.gradle.launcher.daemon.protocol.CloseInput@12cea805
2026-01-08T10:23:10.200+0900 [DEBUG] [org.gradle.launcher.daemon.server.exec.LogToClient] About to start relaying all logs to the client via the connection.
2026-01-08T10:23:10.200+0900 [INFO] [org.gradle.launcher.daemon.server.exec.LogToClient] The client will now receive all logging from the daemon (pid: 25294). The daemon log file: /media/iu/STORAGE/__GitHub__/Prjct_2025_DEQACheck/.gradle-user/daemon/8.4/daemon-25294.out.log
2026-01-08T10:23:10.201+0900 [INFO] [org.gradle.launcher.daemon.server.exec.ForwardClientInput] Closing daemon's stdin at end of input.
2026-01-08T10:23:10.201+0900 [INFO] [org.gradle.launcher.daemon.server.exec.ForwardClientInput] The daemon will no longer process any standard input.
2026-01-08T10:23:10.201+0900 [DEBUG] [org.gradle.launcher.daemon.server.exec.RequestStopIfSingleUsedDaemon] Requesting daemon stop after processing Build{id=78efca88-f9c8-48e8-8262-1409efb52073, currentDir=/media/iu/STORAGE/__GitHub__/Prjct_2025_DEQACheck}
2026-01-08T10:23:10.202+0900 [LIFECYCLE] [org.gradle.launcher.daemon.server.DaemonStateCoordinator] Daemon will be stopped at the end of the build 
2026-01-08T10:23:10.202+0900 [DEBUG] [org.gradle.launcher.daemon.server.DaemonStateCoordinator] Stop as soon as idle requested. The daemon is busy: true
2026-01-08T10:23:10.202+0900 [DEBUG] [org.gradle.launcher.daemon.server.DaemonStateCoordinator] daemon stop has been requested. Sleeping until state changes.
2026-01-08T10:23:10.202+0900 [DEBUG] [org.gradle.launcher.daemon.server.exec.ExecuteBuild] The daemon has started executing the build.
2026-01-08T10:23:10.202+0900 [DEBUG] [org.gradle.launcher.daemon.server.exec.ExecuteBuild] Executing build with daemon context: DefaultDaemonContext[uid=fdb94f3b-ba8d-4084-bfef-67d1a877dded,javaHome=/home/iu/miniconda3/envs/env_for_DECheck_java17/lib/jvm,daemonRegistryDir=/media/iu/STORAGE/__GitHub__/Prjct_2025_DEQACheck/.gradle-user/daemon,pid=25294,idleTimeout=120000,priority=NORMAL,applyInstrumentationAgent=true,daemonOpts=--add-opens=java.base/java.util=ALL-UNNAMED,--add-opens=java.base/java.lang=ALL-UNNAMED,--add-opens=java.base/java.lang.invoke=ALL-UNNAMED,--add-opens=java.prefs/java.util.prefs=ALL-UNNAMED,--add-opens=java.base/java.nio.charset=ALL-UNNAMED,--add-opens=java.base/java.net=ALL-UNNAMED,--add-opens=java.base/java.util.concurrent.atomic=ALL-UNNAMED,-XX:MaxMetaspaceSize=384m,-XX:+HeapDumpOnOutOfMemoryError,-Xms256m,-Xmx512m,-Dfile.encoding=UTF-8,-Duser.country=JP,-Duser.language=ja,-Duser.variant]
thread 29: client disconnection detected, canceling the build
Daemon is stopping immediately the build was canceled after a stop was requested
Unable to execute command Build{id=78efca88-f9c8-48e8-8262-1409efb52073, currentDir=/media/iu/STORAGE/__GitHub__/Prjct_2025_DEQACheck} from socket connection from /127.0.0.1:37235 to /127.0.0.1:59856. Dispatching the failure to the daemon client
org.gradle.internal.remote.internal.MessageIOException: Could not write '/127.0.0.1:59856'.
	at org.gradle.internal.remote.internal.inet.SocketConnection.flush(SocketConnection.java:140)
	at org.gradle.launcher.daemon.server.SynchronizedDispatchConnection.dispatchAndFlush(SynchronizedDispatchConnection.java:57)
	at org.gradle.launcher.daemon.server.DefaultDaemonConnection.completed(DefaultDaemonConnection.java:149)
	at org.gradle.launcher.daemon.server.exec.ReturnResult.execute(ReturnResult.java:41)
	at org.gradle.launcher.daemon.server.api.DaemonCommandExecution.proceed(DaemonCommandExecution.java:104)
	at org.gradle.launcher.daemon.server.api.HandleReportStatus.execute(HandleReportStatus.java:33)
	at org.gradle.launcher.daemon.server.api.DaemonCommandExecution.proceed(DaemonCommandExecution.java:104)
	at org.gradle.launcher.daemon.server.exec.HandleCancel.execute(HandleCancel.java:39)
	at org.gradle.launcher.daemon.server.api.DaemonCommandExecution.proceed(DaemonCommandExecution.java:104)
	at org.gradle.launcher.daemon.server.api.HandleInvalidateVirtualFileSystem.execute(HandleInvalidateVirtualFileSystem.java:46)
	at org.gradle.launcher.daemon.server.api.DaemonCommandExecution.proceed(DaemonCommandExecution.java:104)
	at org.gradle.launcher.daemon.server.api.HandleStop.execute(HandleStop.java:46)
	at org.gradle.launcher.daemon.server.api.DaemonCommandExecution.proceed(DaemonCommandExecution.java:104)
	at org.gradle.launcher.daemon.server.exec.DaemonCommandExecuter.executeCommand(DaemonCommandExecuter.java:55)
	at org.gradle.launcher.daemon.server.DefaultIncomingConnectionHandler$ConnectionWorker.handleCommand(DefaultIncomingConnectionHandler.java:161)
	at org.gradle.launcher.daemon.server.DefaultIncomingConnectionHandler$ConnectionWorker.receiveAndHandleCommand(DefaultIncomingConnectionHandler.java:134)
	at org.gradle.launcher.daemon.server.DefaultIncomingConnectionHandler$ConnectionWorker.run(DefaultIncomingConnectionHandler.java:122)
	at org.gradle.internal.concurrent.ExecutorPolicy$CatchAndRecordFailures.onExecute(ExecutorPolicy.java:64)
	at org.gradle.internal.concurrent.AbstractManagedExecutor$1.run(AbstractManagedExecutor.java:47)
	at java.base/java.util.concurrent.ThreadPoolExecutor.runWorker(ThreadPoolExecutor.java:1136)
	at java.base/java.util.concurrent.ThreadPoolExecutor$Worker.run(ThreadPoolExecutor.java:635)
	at java.base/java.lang.Thread.run(Thread.java:840)
Caused by: java.io.IOException: Broken pipe
	at java.base/sun.nio.ch.FileDispatcherImpl.write0(Native Method)
	at java.base/sun.nio.ch.SocketDispatcher.write(SocketDispatcher.java:62)
	at java.base/sun.nio.ch.IOUtil.writeFromNativeBuffer(IOUtil.java:132)
	at java.base/sun.nio.ch.IOUtil.write(IOUtil.java:76)
	at java.base/sun.nio.ch.IOUtil.write(IOUtil.java:53)
	at java.base/sun.nio.ch.SocketChannelImpl.write(SocketChannelImpl.java:532)
	at org.gradle.internal.remote.internal.inet.SocketConnection$SocketOutputStream.writeWithNonBlockingRetry(SocketConnection.java:279)
	at org.gradle.internal.remote.internal.inet.SocketConnection$SocketOutputStream.writeBufferToChannel(SocketConnection.java:267)
	at org.gradle.internal.remote.internal.inet.SocketConnection$SocketOutputStream.flush(SocketConnection.java:261)
	at org.gradle.internal.remote.internal.inet.SocketConnection.flush(SocketConnection.java:138)
	... 21 more
Daemon vm is shutting down... The daemon has exited normally or was terminated in response to a user interrupt.
