2026-01-08T10:25:57.490+0900 [DEBUG] [org.gradle.launcher.daemon.bootstrap.DaemonMain] Assuming the daemon was started with following jvm opts: [--add-opens=java.base/java.util=ALL-UNNAMED, --add-opens=java.base/java.lang=ALL-UNNAMED, --add-opens=java.base/java.lang.invoke=ALL-UNNAMED, --add-opens=java.prefs/java.util.prefs=ALL-UNNAMED, --add-opens=java.base/java.nio.charset=ALL-UNNAMED, --add-opens=java.base/java.net=ALL-UNNAMED, --add-opens=java.base/java.util.concurrent.atomic=ALL-UNNAMED, -XX:MaxMetaspaceSize=384m, -XX:+HeapDumpOnOutOfMemoryError, -Xms256m, -Xmx512m, -Dfile.encoding=UTF-8, -Duser.country=JP, -Duser.language=ja, -Duser.variant]
2026-01-08T10:25:57.576+0900 [INFO] [org.gradle.launcher.daemon.server.Daemon] start() called on daemon - DefaultDaemonContext[uid=311799b4-23a4-493f-9e12-a80997de19f2,javaHome=/home/iu/miniconda3/envs/env_for_DECheck_java17/lib/jvm,daemonRegistryDir=/media/iu/STORAGE/__GitHub__/Prjct_2025_DEQACheck/.gradle-user/daemon,pid=26935,idleTimeout=120000,priority=NORMAL,applyInstrumentationAgent=true,daemonOpts=--add-opens=java.base/java.util=ALL-UNNAMED,--add-opens=java.base/java.lang=ALL-UNNAMED,--add-opens=java.base/java.lang.invoke=ALL-UNNAMED,--add-opens=java.prefs/java.util.prefs=ALL-UNNAMED,--add-opens=java.base/java.nio.charset=ALL-UNNAMED,--add-opens=java.base/java.net=ALL-UNNAMED,--add-opens=java.base/java.util.concurrent.atomic=ALL-UNNAMED,-XX:MaxMetaspaceSize=384m,-XX:+HeapDumpOnOutOfMemoryError,-Xms256m,-Xmx512m,-Dfile.encoding=UTF-8,-Duser.country=JP,-Duser.language=ja,-Duser.variant]
2026-01-08T10:25:57.592+0900 [DEBUG] [org.gradle.internal.remote.internal.inet.InetAddresses] Adding IP addresses for network interface docker0
2026-01-08T10:25:57.593+0900 [DEBUG] [org.gradle.internal.remote.internal.inet.InetAddresses] Is this a loopback interface? false
2026-01-08T10:25:57.593+0900 [DEBUG] [org.gradle.internal.remote.internal.inet.InetAddresses] Adding remote address /172.17.0.1
2026-01-08T10:25:57.593+0900 [DEBUG] [org.gradle.internal.remote.internal.inet.InetAddresses] Adding IP addresses for network interface wlo1
2026-01-08T10:25:57.593+0900 [DEBUG] [org.gradle.internal.remote.internal.inet.InetAddresses] Is this a loopback interface? false
2026-01-08T10:25:57.594+0900 [DEBUG] [org.gradle.internal.remote.internal.inet.InetAddresses] Adding remote address /fe80:0:0:0:2de2:dd21:f868:429c%wlo1
2026-01-08T10:25:57.594+0900 [DEBUG] [org.gradle.internal.remote.internal.inet.InetAddresses] Adding remote address /192.168.52.161
2026-01-08T10:25:57.594+0900 [DEBUG] [org.gradle.internal.remote.internal.inet.InetAddresses] Adding IP addresses for network interface lo
2026-01-08T10:25:57.594+0900 [DEBUG] [org.gradle.internal.remote.internal.inet.InetAddresses] Is this a loopback interface? true
2026-01-08T10:25:57.595+0900 [DEBUG] [org.gradle.internal.remote.internal.inet.InetAddresses] Adding loopback address /0:0:0:0:0:0:0:1%lo
2026-01-08T10:25:57.595+0900 [DEBUG] [org.gradle.internal.remote.internal.inet.InetAddresses] Adding loopback address /127.0.0.1
2026-01-08T10:25:57.596+0900 [DEBUG] [org.gradle.internal.remote.internal.inet.TcpIncomingConnector] Listening on [c63c00a5-8f66-498e-8c3b-affc42b04463 port:44129, addresses:[localhost/127.0.0.1]].
2026-01-08T10:25:57.605+0900 [DEBUG] [org.gradle.launcher.daemon.server.Daemon] Daemon starting at: Thu Jan 08 10:25:57 JST 2026, with address: [c63c00a5-8f66-498e-8c3b-affc42b04463 port:44129, addresses:[localhost/127.0.0.1]]
2026-01-08T10:25:57.606+0900 [INFO] [org.gradle.launcher.daemon.server.DaemonRegistryUpdater] Advertising the daemon address to the clients: [c63c00a5-8f66-498e-8c3b-affc42b04463 port:44129, addresses:[localhost/127.0.0.1]]
2026-01-08T10:25:57.606+0900 [DEBUG] [org.gradle.launcher.daemon.server.DaemonRegistryUpdater] Advertised daemon context: DefaultDaemonContext[uid=311799b4-23a4-493f-9e12-a80997de19f2,javaHome=/home/iu/miniconda3/envs/env_for_DECheck_java17/lib/jvm,daemonRegistryDir=/media/iu/STORAGE/__GitHub__/Prjct_2025_DEQACheck/.gradle-user/daemon,pid=26935,idleTimeout=120000,priority=NORMAL,applyInstrumentationAgent=true,daemonOpts=--add-opens=java.base/java.util=ALL-UNNAMED,--add-opens=java.base/java.lang=ALL-UNNAMED,--add-opens=java.base/java.lang.invoke=ALL-UNNAMED,--add-opens=java.prefs/java.util.prefs=ALL-UNNAMED,--add-opens=java.base/java.nio.charset=ALL-UNNAMED,--add-opens=java.base/java.net=ALL-UNNAMED,--add-opens=java.base/java.util.concurrent.atomic=ALL-UNNAMED,-XX:MaxMetaspaceSize=384m,-XX:+HeapDumpOnOutOfMemoryError,-Xms256m,-Xmx512m,-Dfile.encoding=UTF-8,-Duser.country=JP,-Duser.language=ja,-Duser.variant]
2026-01-08T10:25:57.606+0900 [DEBUG] [org.gradle.launcher.daemon.registry.PersistentDaemonRegistry] Storing daemon address: [c63c00a5-8f66-498e-8c3b-affc42b04463 port:44129, addresses:[localhost/127.0.0.1]], context: DefaultDaemonContext[uid=311799b4-23a4-493f-9e12-a80997de19f2,javaHome=/home/iu/miniconda3/envs/env_for_DECheck_java17/lib/jvm,daemonRegistryDir=/media/iu/STORAGE/__GitHub__/Prjct_2025_DEQACheck/.gradle-user/daemon,pid=26935,idleTimeout=120000,priority=NORMAL,applyInstrumentationAgent=true,daemonOpts=--add-opens=java.base/java.util=ALL-UNNAMED,--add-opens=java.base/java.lang=ALL-UNNAMED,--add-opens=java.base/java.lang.invoke=ALL-UNNAMED,--add-opens=java.prefs/java.util.prefs=ALL-UNNAMED,--add-opens=java.base/java.nio.charset=ALL-UNNAMED,--add-opens=java.base/java.net=ALL-UNNAMED,--add-opens=java.base/java.util.concurrent.atomic=ALL-UNNAMED,-XX:MaxMetaspaceSize=384m,-XX:+HeapDumpOnOutOfMemoryError,-Xms256m,-Xmx512m,-Dfile.encoding=UTF-8,-Duser.country=JP,-Duser.language=ja,-Duser.variant]
2026-01-08T10:25:57.611+0900 [DEBUG] [org.gradle.cache.internal.DefaultFileLockManager] Waiting to acquire exclusive lock on daemon addresses registry.
2026-01-08T10:25:57.613+0900 [DEBUG] [org.gradle.cache.internal.DefaultFileLockManager] Lock acquired on daemon addresses registry.
2026-01-08T10:25:57.615+0900 [DEBUG] [org.gradle.cache.internal.DefaultFileLockManager] Releasing lock on daemon addresses registry.
2026-01-08T10:25:57.616+0900 [LIFECYCLE] [org.gradle.launcher.daemon.server.Daemon] Daemon server started.
2026-01-08T10:25:57.616+0900 [DEBUG] [org.gradle.launcher.daemon.bootstrap.DaemonStartupCommunication] Completed writing the daemon greeting. Closing streams...
2026-01-08T10:25:57.618+0900 [DEBUG] [org.gradle.launcher.daemon.server.Daemon] stopOnExpiration() called on daemon
2026-01-08T10:25:57.619+0900 [DEBUG] [org.gradle.launcher.daemon.server.Daemon] awaitExpiration() called on daemon
2026-01-08T10:25:57.619+0900 [DEBUG] [org.gradle.launcher.daemon.server.DaemonStateCoordinator] daemon is running. Sleeping until state changes.
2026-01-08T10:25:57.633+0900 [DEBUG] [org.gradle.internal.remote.internal.inet.TcpIncomingConnector] Accepted connection from /127.0.0.1:38236 to /127.0.0.1:44129.
2026-01-08T10:25:57.666+0900 [DEBUG] [org.gradle.launcher.daemon.server.SynchronizedDispatchConnection] thread 29: received class org.gradle.launcher.daemon.protocol.Build
2026-01-08T10:25:57.666+0900 [DEBUG] [org.gradle.launcher.daemon.server.DefaultDaemonConnection] thread 29: Received non-IO message from client: Build{id=d18e325e-4976-4204-bdfc-d61169ade439, currentDir=/media/iu/STORAGE/__GitHub__/Prjct_2025_DEQACheck}
2026-01-08T10:25:57.666+0900 [INFO] [org.gradle.launcher.daemon.server.DefaultIncomingConnectionHandler] Received command: Build{id=d18e325e-4976-4204-bdfc-d61169ade439, currentDir=/media/iu/STORAGE/__GitHub__/Prjct_2025_DEQACheck}.
2026-01-08T10:25:57.667+0900 [DEBUG] [org.gradle.launcher.daemon.server.DefaultIncomingConnectionHandler] Starting executing command: Build{id=d18e325e-4976-4204-bdfc-d61169ade439, currentDir=/media/iu/STORAGE/__GitHub__/Prjct_2025_DEQACheck} with connection: socket connection from /127.0.0.1:44129 to /127.0.0.1:38236.
2026-01-08T10:25:57.668+0900 [DEBUG] [org.gradle.launcher.daemon.server.DaemonStateCoordinator] Command execution: started DaemonCommandExecution[command = Build{id=d18e325e-4976-4204-bdfc-d61169ade439, currentDir=/media/iu/STORAGE/__GitHub__/Prjct_2025_DEQACheck}, connection = DefaultDaemonConnection: socket connection from /127.0.0.1:44129 to /127.0.0.1:38236] after 0.0 minutes of idle
2026-01-08T10:25:57.669+0900 [INFO] [org.gradle.launcher.daemon.server.DaemonRegistryUpdater] Marking the daemon as busy, address: [c63c00a5-8f66-498e-8c3b-affc42b04463 port:44129, addresses:[localhost/127.0.0.1]]
2026-01-08T10:25:57.669+0900 [DEBUG] [org.gradle.launcher.daemon.registry.PersistentDaemonRegistry] Marking busy by address: [c63c00a5-8f66-498e-8c3b-affc42b04463 port:44129, addresses:[localhost/127.0.0.1]]
2026-01-08T10:25:57.669+0900 [DEBUG] [org.gradle.cache.internal.DefaultFileLockManager] Waiting to acquire exclusive lock on daemon addresses registry.
2026-01-08T10:25:57.670+0900 [DEBUG] [org.gradle.cache.internal.DefaultFileLockManager] Lock acquired on daemon addresses registry.
2026-01-08T10:25:57.670+0900 [DEBUG] [org.gradle.cache.internal.DefaultFileLockManager] Releasing lock on daemon addresses registry.
2026-01-08T10:25:57.670+0900 [DEBUG] [org.gradle.launcher.daemon.server.DaemonStateCoordinator] resetting idle timer
2026-01-08T10:25:57.670+0900 [DEBUG] [org.gradle.launcher.daemon.server.DaemonStateCoordinator] daemon is running. Sleeping until state changes.
2026-01-08T10:25:57.671+0900 [INFO] [org.gradle.launcher.daemon.server.exec.StartBuildOrRespondWithBusy] Daemon is about to start building Build{id=d18e325e-4976-4204-bdfc-d61169ade439, currentDir=/media/iu/STORAGE/__GitHub__/Prjct_2025_DEQACheck}. Dispatching build started information...
2026-01-08T10:25:57.671+0900 [DEBUG] [org.gradle.launcher.daemon.server.SynchronizedDispatchConnection] thread 31: dispatching org.gradle.launcher.daemon.protocol.BuildStarted@56869022
2026-01-08T10:25:57.673+0900 [DEBUG] [org.gradle.launcher.daemon.server.exec.EstablishBuildEnvironment] Configuring env variables: [PATH, XMODIFIERS, MNI_PERL5LIB, GDMSESSION, FS_OVERRIDE, CONDA_DEFAULT_ENV, CONDA_PYTHON_EXE, DBUS_SESSION_BUS_ADDRESS, CONDA_PREFIX, COLORTERM, PS1_BASE, LC_PAPER, SDKMAN_DIR, SESSION_MANAGER, USERNAME, PWD, ENABLE_IDE_INTEGRATION, SDKMAN_BROKER_API, LANGUAGE, FSFAST_HOME, NVM_CD_FLAGS, LESSOPEN, SDKMAN_CANDIDATES_API, DIRENV_DIFF, LOCAL_DIR, GNOME_DESKTOP_SESSION_ID, GNOME_TERMINAL_SCREEN, GTK_MODULES, TERM_SESSION_ID, FSL_BIN, DIRENV_WATCHES, CONDA_PROMPT_MODIFIER, GNOME_SETUP_DISPLAY, FSF_OUTPUT_FORMAT, SHLVL, GSETTINGS_SCHEMA_DIR_CONDA_BACKUP, FSLOUTPUTTYPE, CONDA_EXE, JAVA_HOME, TERM, XDG_CONFIG_DIRS, GRADLE_HOME, GRADLE_USER_HOME, NVM_INC, WAYLAND_DISPLAY, LC_NAME, PS1_BASE_SET, XDG_SESSION_CLASS, _, JAVA_LD_LIBRARY_PATH, DESKTOP_SESSION, XDG_MENU_PREFIX, VTE_VERSION, QT_ACCESSIBILITY, TERMINAL_EMULATOR, FSL_SKIP_GLOBAL, NVM_BIN, LC_MEASUREMENT, XAUTHORITY, LC_TELEPHONE, XDG_DATA_DIRS, FSLMULTIFILEQUIT, LC_TIME, XDG_CURRENT_DESKTOP, LOGNAME, IM_CONFIG_PHASE, MINC_LIB_DIR, FMRI_ANALYSIS_DIR, FSL_LOAD_NIFTI_EXTENSIONS, CODEX_MANAGED_BY_NPM, SHELL, CODEX_SANDBOX_NETWORK_DISABLED, LC_ADDRESS, FSLWISH, OLDPWD, MNI_DATAPATH, CLAUDE_CODE_SSE_PORT, SUBJECTS_DIR, FSLTCLSH, SYSTEMD_EXEC_PID, FSL_DIR, LS_COLORS, XDG_SESSION_DESKTOP, SSH_AGENT_LAUNCHER, LC_IDENTIFICATION, LESSCLOSE, LC_MONETARY, MINC_BIN_DIR, QT_IM_MODULE, FSLDIR, GNOME_TERMINAL_SERVICE, FIX_VERTEX_AREA, LANG, XDG_SESSION_TYPE, DISPLAY, DIRENV_DIR, PERL5LIB, CONDA_SHLVL, SDKMAN_CANDIDATES_DIR, NVM_DIR, OS, SDKMAN_PLATFORM, USER, LC_NUMERIC, SSH_AUTH_SOCK, FREESURFER_HOME, FUNCTIONALS_DIR, GSETTINGS_SCHEMA_DIR, IM_CONFIG_CHECK_ENV, GNOME_SHELL_SESSION_MODE, MNI_DIR, XDG_RUNTIME_DIR, HOME]
2026-01-08T10:25:57.674+0900 [DEBUG] [org.gradle.launcher.daemon.server.SynchronizedDispatchConnection] thread 29: received class org.gradle.launcher.daemon.protocol.CloseInput
2026-01-08T10:25:57.674+0900 [DEBUG] [org.gradle.launcher.daemon.server.DefaultDaemonConnection] thread 29: Received IO message from client: org.gradle.launcher.daemon.protocol.CloseInput@3ed598a8
2026-01-08T10:25:57.678+0900 [DEBUG] [org.gradle.launcher.daemon.server.exec.LogToClient] About to start relaying all logs to the client via the connection.
2026-01-08T10:25:57.678+0900 [INFO] [org.gradle.launcher.daemon.server.exec.LogToClient] The client will now receive all logging from the daemon (pid: 26935). The daemon log file: /media/iu/STORAGE/__GitHub__/Prjct_2025_DEQACheck/.gradle-user/daemon/8.4/daemon-26935.out.log
2026-01-08T10:25:57.679+0900 [INFO] [org.gradle.launcher.daemon.server.exec.ForwardClientInput] Closing daemon's stdin at end of input.
2026-01-08T10:25:57.679+0900 [INFO] [org.gradle.launcher.daemon.server.exec.ForwardClientInput] The daemon will no longer process any standard input.
2026-01-08T10:25:57.679+0900 [DEBUG] [org.gradle.launcher.daemon.server.exec.RequestStopIfSingleUsedDaemon] Requesting daemon stop after processing Build{id=d18e325e-4976-4204-bdfc-d61169ade439, currentDir=/media/iu/STORAGE/__GitHub__/Prjct_2025_DEQACheck}
2026-01-08T10:25:57.679+0900 [LIFECYCLE] [org.gradle.launcher.daemon.server.DaemonStateCoordinator] Daemon will be stopped at the end of the build 
2026-01-08T10:25:57.680+0900 [DEBUG] [org.gradle.launcher.daemon.server.DaemonStateCoordinator] Stop as soon as idle requested. The daemon is busy: true
2026-01-08T10:25:57.680+0900 [DEBUG] [org.gradle.launcher.daemon.server.DaemonStateCoordinator] daemon stop has been requested. Sleeping until state changes.
2026-01-08T10:25:57.680+0900 [DEBUG] [org.gradle.launcher.daemon.server.exec.ExecuteBuild] The daemon has started executing the build.
2026-01-08T10:25:57.680+0900 [DEBUG] [org.gradle.launcher.daemon.server.exec.ExecuteBuild] Executing build with daemon context: DefaultDaemonContext[uid=311799b4-23a4-493f-9e12-a80997de19f2,javaHome=/home/iu/miniconda3/envs/env_for_DECheck_java17/lib/jvm,daemonRegistryDir=/media/iu/STORAGE/__GitHub__/Prjct_2025_DEQACheck/.gradle-user/daemon,pid=26935,idleTimeout=120000,priority=NORMAL,applyInstrumentationAgent=true,daemonOpts=--add-opens=java.base/java.util=ALL-UNNAMED,--add-opens=java.base/java.lang=ALL-UNNAMED,--add-opens=java.base/java.lang.invoke=ALL-UNNAMED,--add-opens=java.prefs/java.util.prefs=ALL-UNNAMED,--add-opens=java.base/java.nio.charset=ALL-UNNAMED,--add-opens=java.base/java.net=ALL-UNNAMED,--add-opens=java.base/java.util.concurrent.atomic=ALL-UNNAMED,-XX:MaxMetaspaceSize=384m,-XX:+HeapDumpOnOutOfMemoryError,-Xms256m,-Xmx512m,-Dfile.encoding=UTF-8,-Duser.country=JP,-Duser.language=ja,-Duser.variant]

  .   ____          _            __ _ _
 /\\ / ___'_ __ _ _(_)_ __  __ _ \ \ \ \
( ( )\___ | '_ | '_| | '_ \/ _` | \ \ \ \
 \\/  ___)| |_)| | | | | || (_| |  ) ) ) )
  '  |____| .__|_| |_|_| |_\__, | / / / /
 =========|_|==============|___/=/_/_/_/

 :: Spring Boot ::                (v3.3.4)

2026-01-08T10:26:06.682+09:00  INFO 27363 --- [           main] iu.SpringBoot.Vaadin.Application         : Starting Application using Java 17.0.15-internal with PID 27363 (/media/iu/STORAGE/__GitHub__/Prjct_2025_DEQACheck/build/classes/java/main started by iu in /media/iu/STORAGE/__GitHub__/Prjct_2025_DEQACheck)
2026-01-08T10:26:06.683+09:00  INFO 27363 --- [           main] iu.SpringBoot.Vaadin.Application         : No active profile set, falling back to 1 default profile: "default"
2026-01-08T10:26:07.267+09:00  INFO 27363 --- [           main] o.s.b.w.embedded.tomcat.TomcatWebServer  : Tomcat initialized with port 8080 (http)
2026-01-08T10:26:07.274+09:00  INFO 27363 --- [           main] o.apache.catalina.core.StandardService   : Starting service [Tomcat]
2026-01-08T10:26:07.275+09:00  INFO 27363 --- [           main] o.apache.catalina.core.StandardEngine    : Starting Servlet engine: [Apache Tomcat/10.1.30]
2026-01-08T10:26:07.311+09:00  INFO 27363 --- [           main] o.a.c.c.C.[Tomcat].[localhost].[/]       : Initializing Spring embedded WebApplicationContext
2026-01-08T10:26:07.312+09:00  INFO 27363 --- [           main] w.s.c.ServletWebServerApplicationContext : Root WebApplicationContext: initialization completed in 607 ms
2026-01-08T10:26:07.407+09:00  INFO 27363 --- [           main] org.atmosphere.cpr.AtmosphereFramework   : Installed AtmosphereHandler com.vaadin.hilla.push.PushEndpoint mapped to context-path: /HILLA/push
2026-01-08T10:26:07.408+09:00  INFO 27363 --- [           main] org.atmosphere.cpr.AtmosphereFramework   : Installed the following AtmosphereInterceptor mapped to AtmosphereHandler com.vaadin.hilla.push.PushEndpoint
2026-01-08T10:26:07.408+09:00  INFO 27363 --- [           main] org.atmosphere.cpr.AtmosphereFramework   : 	org.atmosphere.interceptor.AtmosphereResourceLifecycleInterceptor : Atmosphere LifeCycle
2026-01-08T10:26:07.408+09:00  INFO 27363 --- [           main] org.atmosphere.cpr.AtmosphereFramework   : 	org.atmosphere.client.TrackMessageSizeInterceptor :  Track Message Size Interceptor using |
2026-01-08T10:26:07.408+09:00  INFO 27363 --- [           main] org.atmosphere.cpr.AtmosphereFramework   : 	org.atmosphere.interceptor.SuspendTrackerInterceptor : UUID Tracking Interceptor
2026-01-08T10:26:08.165+09:00  WARN 27363 --- [           main] i.S.V.security.DebugAutoLoginFilter      : Debug auto-login is ENABLED. All requests will be authenticated as admin (admin).
2026-01-08T10:26:08.183+09:00  INFO 27363 --- [           main] o.a.c.c.C.[Tomcat].[localhost].[/]       : Initializing AtmosphereFramework
2026-01-08T10:26:08.437+09:00  INFO 27363 --- [           main] r$InitializeUserDetailsManagerConfigurer : Global AuthenticationManager configured with UserDetailsService bean with name userDetailsService
2026-01-08T10:26:08.685+09:00  INFO 27363 --- [           main] org.atmosphere.cpr.AtmosphereFramework   : Installed AtmosphereHandler com.vaadin.flow.server.communication.PushAtmosphereHandler mapped to context-path: /*
2026-01-08T10:26:08.685+09:00  INFO 27363 --- [           main] org.atmosphere.cpr.AtmosphereFramework   : Installed the following AtmosphereInterceptor mapped to AtmosphereHandler com.vaadin.flow.server.communication.PushAtmosphereHandler
2026-01-08T10:26:08.691+09:00  INFO 27363 --- [           main] org.atmosphere.cpr.AtmosphereFramework   : Atmosphere is using org.atmosphere.util.VoidAnnotationProcessor for processing annotation
2026-01-08T10:26:08.692+09:00  INFO 27363 --- [           main] org.atmosphere.util.ForkJoinPool         : Using ForkJoinPool  java.util.concurrent.ForkJoinPool. Set the org.atmosphere.cpr.broadcaster.maxAsyncWriteThreads to -1 to fully use its power.
2026-01-08T10:26:08.702+09:00  INFO 27363 --- [           main] org.atmosphere.cpr.AtmosphereFramework   : Installed WebSocketProtocol org.atmosphere.websocket.protocol.SimpleHttpProtocol 
2026-01-08T10:26:08.703+09:00  INFO 27363 --- [           main] o.a.container.JSR356AsyncSupport         : JSR 356 Mapping path /VAADIN/push
2026-01-08T10:26:08.708+09:00  INFO 27363 --- [           main] org.atmosphere.cpr.AtmosphereFramework   : Installing Default AtmosphereInterceptors
2026-01-08T10:26:08.708+09:00  INFO 27363 --- [           main] org.atmosphere.cpr.AtmosphereFramework   : 	org.atmosphere.interceptor.CorsInterceptor : CORS Interceptor Support
2026-01-08T10:26:08.708+09:00  INFO 27363 --- [           main] org.atmosphere.cpr.AtmosphereFramework   : 	org.atmosphere.interceptor.CacheHeadersInterceptor : Default Response's Headers Interceptor
2026-01-08T10:26:08.709+09:00  INFO 27363 --- [           main] org.atmosphere.cpr.AtmosphereFramework   : 	org.atmosphere.interceptor.PaddingAtmosphereInterceptor : Browser Padding Interceptor Support
2026-01-08T10:26:08.709+09:00  INFO 27363 --- [           main] org.atmosphere.cpr.AtmosphereFramework   : 	org.atmosphere.interceptor.AndroidAtmosphereInterceptor : Android Interceptor Support
2026-01-08T10:26:08.709+09:00  INFO 27363 --- [           main] org.atmosphere.cpr.AtmosphereFramework   : 	org.atmosphere.interceptor.HeartbeatInterceptor : Heartbeat Interceptor Support
2026-01-08T10:26:08.709+09:00  INFO 27363 --- [           main] org.atmosphere.cpr.AtmosphereFramework   : 	org.atmosphere.interceptor.SSEAtmosphereInterceptor : SSE Interceptor Support
2026-01-08T10:26:08.709+09:00  INFO 27363 --- [           main] org.atmosphere.cpr.AtmosphereFramework   : 	org.atmosphere.interceptor.JSONPAtmosphereInterceptor : JSONP Interceptor Support
2026-01-08T10:26:08.710+09:00  INFO 27363 --- [           main] org.atmosphere.cpr.AtmosphereFramework   : 	org.atmosphere.interceptor.JavaScriptProtocol : Atmosphere JavaScript Protocol
2026-01-08T10:26:08.710+09:00  INFO 27363 --- [           main] org.atmosphere.cpr.AtmosphereFramework   : 	org.atmosphere.interceptor.WebSocketMessageSuspendInterceptor : org.atmosphere.interceptor.WebSocketMessageSuspendInterceptor
2026-01-08T10:26:08.710+09:00  INFO 27363 --- [           main] org.atmosphere.cpr.AtmosphereFramework   : 	org.atmosphere.interceptor.OnDisconnectInterceptor : Browser disconnection detection
2026-01-08T10:26:08.710+09:00  INFO 27363 --- [           main] org.atmosphere.cpr.AtmosphereFramework   : 	org.atmosphere.interceptor.IdleResourceInterceptor : org.atmosphere.interceptor.IdleResourceInterceptor
2026-01-08T10:26:08.710+09:00  INFO 27363 --- [           main] org.atmosphere.cpr.AtmosphereFramework   : Set org.atmosphere.cpr.AtmosphereInterceptor.disableDefaults to disable them.
2026-01-08T10:26:08.710+09:00  INFO 27363 --- [           main] org.atmosphere.cpr.AtmosphereFramework   : Installed AtmosphereInterceptor CORS Interceptor Support with priority FIRST_BEFORE_DEFAULT 
2026-01-08T10:26:08.712+09:00  INFO 27363 --- [           main] org.atmosphere.cpr.AtmosphereFramework   : Installed AtmosphereInterceptor Default Response's Headers Interceptor with priority AFTER_DEFAULT 
2026-01-08T10:26:08.712+09:00  INFO 27363 --- [           main] org.atmosphere.cpr.AtmosphereFramework   : Installed AtmosphereInterceptor Browser Padding Interceptor Support with priority AFTER_DEFAULT 
2026-01-08T10:26:08.712+09:00  INFO 27363 --- [           main] org.atmosphere.cpr.AtmosphereFramework   : Installed AtmosphereInterceptor Android Interceptor Support with priority AFTER_DEFAULT 
2026-01-08T10:26:08.712+09:00  INFO 27363 --- [           main] o.a.interceptor.HeartbeatInterceptor     : HeartbeatInterceptor configured with padding value 'X', client frequency 0 seconds and server frequency 60 seconds
2026-01-08T10:26:08.712+09:00  INFO 27363 --- [           main] org.atmosphere.cpr.AtmosphereFramework   : Installed AtmosphereInterceptor Heartbeat Interceptor Support with priority AFTER_DEFAULT 
2026-01-08T10:26:08.712+09:00  INFO 27363 --- [           main] org.atmosphere.cpr.AtmosphereFramework   : Installed AtmosphereInterceptor SSE Interceptor Support with priority AFTER_DEFAULT 
2026-01-08T10:26:08.712+09:00  INFO 27363 --- [           main] org.atmosphere.cpr.AtmosphereFramework   : Installed AtmosphereInterceptor JSONP Interceptor Support with priority AFTER_DEFAULT 
2026-01-08T10:26:08.712+09:00  INFO 27363 --- [           main] org.atmosphere.cpr.AtmosphereFramework   : Installed AtmosphereInterceptor Atmosphere JavaScript Protocol with priority AFTER_DEFAULT 
2026-01-08T10:26:08.712+09:00  INFO 27363 --- [           main] org.atmosphere.cpr.AtmosphereFramework   : Installed AtmosphereInterceptor org.atmosphere.interceptor.WebSocketMessageSuspendInterceptor with priority AFTER_DEFAULT 
2026-01-08T10:26:08.712+09:00  INFO 27363 --- [           main] org.atmosphere.cpr.AtmosphereFramework   : Installed AtmosphereInterceptor Browser disconnection detection with priority AFTER_DEFAULT 
2026-01-08T10:26:08.712+09:00  INFO 27363 --- [           main] org.atmosphere.cpr.AtmosphereFramework   : Installed AtmosphereInterceptor org.atmosphere.interceptor.IdleResourceInterceptor with priority BEFORE_DEFAULT 
2026-01-08T10:26:08.712+09:00  INFO 27363 --- [           main] org.atmosphere.cpr.AtmosphereFramework   : Using EndpointMapper class org.atmosphere.util.DefaultEndpointMapper
2026-01-08T10:26:08.712+09:00  INFO 27363 --- [           main] org.atmosphere.cpr.AtmosphereFramework   : Using BroadcasterCache: org.atmosphere.cache.UUIDBroadcasterCache
2026-01-08T10:26:08.712+09:00  INFO 27363 --- [           main] org.atmosphere.cpr.AtmosphereFramework   : Default Broadcaster Class: org.atmosphere.cpr.DefaultBroadcaster
2026-01-08T10:26:08.712+09:00  INFO 27363 --- [           main] org.atmosphere.cpr.AtmosphereFramework   : Broadcaster Shared List Resources: false
2026-01-08T10:26:08.713+09:00  INFO 27363 --- [           main] org.atmosphere.cpr.AtmosphereFramework   : Broadcaster Polling Wait Time 100
2026-01-08T10:26:08.713+09:00  INFO 27363 --- [           main] org.atmosphere.cpr.AtmosphereFramework   : Shared ExecutorService supported: true
2026-01-08T10:26:08.713+09:00  INFO 27363 --- [           main] org.atmosphere.cpr.AtmosphereFramework   : Messaging ExecutorService Pool Size unavailable - Not instance of ThreadPoolExecutor
2026-01-08T10:26:08.713+09:00  INFO 27363 --- [           main] org.atmosphere.cpr.AtmosphereFramework   : Async I/O Thread Pool Size: 200
2026-01-08T10:26:08.713+09:00  INFO 27363 --- [           main] org.atmosphere.cpr.AtmosphereFramework   : Using BroadcasterFactory: org.atmosphere.cpr.DefaultBroadcasterFactory
2026-01-08T10:26:08.713+09:00  INFO 27363 --- [           main] org.atmosphere.cpr.AtmosphereFramework   : Using AtmosphereResurceFactory: org.atmosphere.cpr.DefaultAtmosphereResourceFactory
2026-01-08T10:26:08.713+09:00  INFO 27363 --- [           main] org.atmosphere.cpr.AtmosphereFramework   : Using WebSocketProcessor: org.atmosphere.websocket.DefaultWebSocketProcessor
2026-01-08T10:26:08.714+09:00  INFO 27363 --- [           main] org.atmosphere.cpr.AtmosphereFramework   : Invoke AtmosphereInterceptor on WebSocket message true
2026-01-08T10:26:08.714+09:00  INFO 27363 --- [           main] org.atmosphere.cpr.AtmosphereFramework   : HttpSession supported: true
2026-01-08T10:26:08.714+09:00  INFO 27363 --- [           main] org.atmosphere.cpr.AtmosphereFramework   : Atmosphere is using DefaultAtmosphereObjectFactory for dependency injection and object creation
2026-01-08T10:26:08.714+09:00  INFO 27363 --- [           main] org.atmosphere.cpr.AtmosphereFramework   : Atmosphere is using async support: org.atmosphere.container.JSR356AsyncSupport running under container: Apache Tomcat/10.1.30 using jakarta.servlet/3.0 and jsr356/WebSocket API
2026-01-08T10:26:08.714+09:00  INFO 27363 --- [           main] org.atmosphere.cpr.AtmosphereFramework   : Atmosphere Framework 3.0.5.slf4jvaadin1 started.
2026-01-08T10:26:08.715+09:00  INFO 27363 --- [           main] org.atmosphere.cpr.AtmosphereFramework   : Installed AtmosphereInterceptor  Track Message Size Interceptor using | with priority BEFORE_DEFAULT 
2026-01-08T10:26:08.730+09:00  INFO 27363 --- [           main] org.atmosphere.cpr.AtmosphereFramework   : Atmosphere is using org.atmosphere.cpr.DefaultAnnotationProcessor for processing annotation
2026-01-08T10:26:08.731+09:00  INFO 27363 --- [           main] o.a.cpr.DefaultAnnotationProcessor       : AnnotationProcessor class org.atmosphere.cpr.DefaultAnnotationProcessor$BytecodeBasedAnnotationProcessor being used
2026-01-08T10:26:10.574+09:00  INFO 27363 --- [           main] org.atmosphere.cpr.AtmosphereFramework   : Auto detecting WebSocketHandler in /WEB-INF/classes/
2026-01-08T10:26:10.574+09:00  INFO 27363 --- [           main] org.atmosphere.cpr.AtmosphereFramework   : Installed WebSocketProtocol org.atmosphere.websocket.protocol.SimpleHttpProtocol 
2026-01-08T10:26:10.574+09:00  INFO 27363 --- [           main] o.a.container.JSR356AsyncSupport         : JSR 356 Mapping path /HILLA/push
2026-01-08T10:26:10.575+09:00  INFO 27363 --- [           main] org.atmosphere.cpr.AtmosphereFramework   : Installing Default AtmosphereInterceptors
2026-01-08T10:26:10.575+09:00  INFO 27363 --- [           main] org.atmosphere.cpr.AtmosphereFramework   : 	org.atmosphere.interceptor.CorsInterceptor : CORS Interceptor Support
2026-01-08T10:26:10.575+09:00  INFO 27363 --- [           main] org.atmosphere.cpr.AtmosphereFramework   : 	org.atmosphere.interceptor.CacheHeadersInterceptor : Default Response's Headers Interceptor
2026-01-08T10:26:10.575+09:00  INFO 27363 --- [           main] org.atmosphere.cpr.AtmosphereFramework   : 	org.atmosphere.interceptor.PaddingAtmosphereInterceptor : Browser Padding Interceptor Support
2026-01-08T10:26:10.575+09:00  INFO 27363 --- [           main] org.atmosphere.cpr.AtmosphereFramework   : 	org.atmosphere.interceptor.AndroidAtmosphereInterceptor : Android Interceptor Support
2026-01-08T10:26:10.576+09:00  INFO 27363 --- [           main] org.atmosphere.cpr.AtmosphereFramework   : 	org.atmosphere.interceptor.HeartbeatInterceptor : Heartbeat Interceptor Support
2026-01-08T10:26:10.576+09:00  INFO 27363 --- [           main] org.atmosphere.cpr.AtmosphereFramework   : 	org.atmosphere.interceptor.SSEAtmosphereInterceptor : SSE Interceptor Support
2026-01-08T10:26:10.576+09:00  INFO 27363 --- [           main] org.atmosphere.cpr.AtmosphereFramework   : 	org.atmosphere.interceptor.JSONPAtmosphereInterceptor : JSONP Interceptor Support
2026-01-08T10:26:10.576+09:00  INFO 27363 --- [           main] org.atmosphere.cpr.AtmosphereFramework   : 	org.atmosphere.interceptor.JavaScriptProtocol : Atmosphere JavaScript Protocol
2026-01-08T10:26:10.576+09:00  INFO 27363 --- [           main] org.atmosphere.cpr.AtmosphereFramework   : 	org.atmosphere.interceptor.WebSocketMessageSuspendInterceptor : org.atmosphere.interceptor.WebSocketMessageSuspendInterceptor
2026-01-08T10:26:10.576+09:00  INFO 27363 --- [           main] org.atmosphere.cpr.AtmosphereFramework   : 	org.atmosphere.interceptor.OnDisconnectInterceptor : Browser disconnection detection
2026-01-08T10:26:10.576+09:00  INFO 27363 --- [           main] org.atmosphere.cpr.AtmosphereFramework   : 	org.atmosphere.interceptor.IdleResourceInterceptor : org.atmosphere.interceptor.IdleResourceInterceptor
2026-01-08T10:26:10.576+09:00  INFO 27363 --- [           main] org.atmosphere.cpr.AtmosphereFramework   : Set org.atmosphere.cpr.AtmosphereInterceptor.disableDefaults to disable them.
2026-01-08T10:26:10.576+09:00  INFO 27363 --- [           main] org.atmosphere.cpr.AtmosphereFramework   : Installed AtmosphereInterceptor CORS Interceptor Support with priority FIRST_BEFORE_DEFAULT 
2026-01-08T10:26:10.576+09:00  INFO 27363 --- [           main] org.atmosphere.cpr.AtmosphereFramework   : Installed AtmosphereInterceptor Default Response's Headers Interceptor with priority AFTER_DEFAULT 
2026-01-08T10:26:10.576+09:00  INFO 27363 --- [           main] org.atmosphere.cpr.AtmosphereFramework   : Installed AtmosphereInterceptor Browser Padding Interceptor Support with priority AFTER_DEFAULT 
2026-01-08T10:26:10.576+09:00  INFO 27363 --- [           main] org.atmosphere.cpr.AtmosphereFramework   : Installed AtmosphereInterceptor Android Interceptor Support with priority AFTER_DEFAULT 
2026-01-08T10:26:10.576+09:00  INFO 27363 --- [           main] o.a.interceptor.HeartbeatInterceptor     : HeartbeatInterceptor configured with padding value 'X', client frequency 0 seconds and server frequency 60 seconds
2026-01-08T10:26:10.576+09:00  INFO 27363 --- [           main] org.atmosphere.cpr.AtmosphereFramework   : Installed AtmosphereInterceptor Heartbeat Interceptor Support with priority AFTER_DEFAULT 
2026-01-08T10:26:10.576+09:00  INFO 27363 --- [           main] org.atmosphere.cpr.AtmosphereFramework   : Installed AtmosphereInterceptor SSE Interceptor Support with priority AFTER_DEFAULT 
2026-01-08T10:26:10.576+09:00  INFO 27363 --- [           main] org.atmosphere.cpr.AtmosphereFramework   : Installed AtmosphereInterceptor JSONP Interceptor Support with priority AFTER_DEFAULT 
2026-01-08T10:26:10.576+09:00  INFO 27363 --- [           main] org.atmosphere.cpr.AtmosphereFramework   : Installed AtmosphereInterceptor Atmosphere JavaScript Protocol with priority AFTER_DEFAULT 
2026-01-08T10:26:10.576+09:00  INFO 27363 --- [           main] org.atmosphere.cpr.AtmosphereFramework   : Installed AtmosphereInterceptor org.atmosphere.interceptor.WebSocketMessageSuspendInterceptor with priority AFTER_DEFAULT 
2026-01-08T10:26:10.576+09:00  INFO 27363 --- [           main] org.atmosphere.cpr.AtmosphereFramework   : Installed AtmosphereInterceptor Browser disconnection detection with priority AFTER_DEFAULT 
2026-01-08T10:26:10.577+09:00  INFO 27363 --- [           main] org.atmosphere.cpr.AtmosphereFramework   : Installed AtmosphereInterceptor org.atmosphere.interceptor.IdleResourceInterceptor with priority BEFORE_DEFAULT 
2026-01-08T10:26:10.577+09:00  INFO 27363 --- [           main] org.atmosphere.cpr.AtmosphereFramework   : Using EndpointMapper class org.atmosphere.util.DefaultEndpointMapper
2026-01-08T10:26:10.577+09:00  WARN 27363 --- [           main] org.atmosphere.cpr.AtmosphereFramework   : No BroadcasterCache configured. Broadcasted message between client reconnection will be LOST. It is recommended to configure the org.atmosphere.cache.UUIDBroadcasterCache
2026-01-08T10:26:10.577+09:00  INFO 27363 --- [           main] org.atmosphere.cpr.AtmosphereFramework   : Default Broadcaster Class: org.atmosphere.util.SimpleBroadcaster
2026-01-08T10:26:10.577+09:00  INFO 27363 --- [           main] org.atmosphere.cpr.AtmosphereFramework   : Broadcaster Shared List Resources: false
2026-01-08T10:26:10.577+09:00  INFO 27363 --- [           main] org.atmosphere.cpr.AtmosphereFramework   : Broadcaster Polling Wait Time 100
2026-01-08T10:26:10.577+09:00  INFO 27363 --- [           main] org.atmosphere.cpr.AtmosphereFramework   : Shared ExecutorService supported: true
2026-01-08T10:26:10.577+09:00  INFO 27363 --- [           main] org.atmosphere.util.ForkJoinPool         : Using ForkJoinPool  java.util.concurrent.ForkJoinPool. Set the org.atmosphere.cpr.broadcaster.maxAsyncWriteThreads to -1 to fully use its power.
2026-01-08T10:26:10.577+09:00  INFO 27363 --- [           main] org.atmosphere.cpr.AtmosphereFramework   : Messaging ExecutorService Pool Size unavailable - Not instance of ThreadPoolExecutor
2026-01-08T10:26:10.577+09:00  INFO 27363 --- [           main] org.atmosphere.cpr.AtmosphereFramework   : Async I/O Thread Pool Size: 200
2026-01-08T10:26:10.577+09:00  INFO 27363 --- [           main] org.atmosphere.cpr.AtmosphereFramework   : Using BroadcasterFactory: org.atmosphere.cpr.DefaultBroadcasterFactory
2026-01-08T10:26:10.577+09:00  INFO 27363 --- [           main] org.atmosphere.cpr.AtmosphereFramework   : Using AtmosphereResurceFactory: org.atmosphere.cpr.DefaultAtmosphereResourceFactory
2026-01-08T10:26:10.577+09:00  INFO 27363 --- [           main] org.atmosphere.cpr.AtmosphereFramework   : Using WebSocketProcessor: org.atmosphere.websocket.DefaultWebSocketProcessor
2026-01-08T10:26:10.577+09:00  INFO 27363 --- [           main] org.atmosphere.cpr.AtmosphereFramework   : Invoke AtmosphereInterceptor on WebSocket message true
2026-01-08T10:26:10.578+09:00  INFO 27363 --- [           main] org.atmosphere.cpr.AtmosphereFramework   : HttpSession supported: false
2026-01-08T10:26:10.578+09:00  INFO 27363 --- [           main] org.atmosphere.cpr.AtmosphereFramework   : Atmosphere is using DefaultAtmosphereObjectFactory for dependency injection and object creation
2026-01-08T10:26:10.578+09:00  INFO 27363 --- [           main] org.atmosphere.cpr.AtmosphereFramework   : Atmosphere is using async support: org.atmosphere.container.JSR356AsyncSupport running under container: Apache Tomcat/10.1.30 using jakarta.servlet/3.0 and jsr356/WebSocket API
2026-01-08T10:26:10.578+09:00  INFO 27363 --- [           main] org.atmosphere.cpr.AtmosphereFramework   : Atmosphere Framework 3.0.5.slf4jvaadin1 started.
2026-01-08T10:26:10.585+09:00  INFO 27363 --- [           main] c.v.f.s.DefaultDeploymentConfiguration   : Vaadin is running in production mode.
2026-01-08T10:26:10.596+09:00  INFO 27363 --- [           main] c.vaadin.flow.spring.SpringInstantiator  : The number of beans implementing 'I18NProvider' is 0. Cannot use Spring beans for I18N, falling back to the default behavior
2026-01-08T10:26:10.614+09:00  INFO 27363 --- [           main] o.s.b.w.embedded.tomcat.TomcatWebServer  : Tomcat started on port 8080 (http) with context path '/'
2026-01-08T10:26:10.618+09:00  INFO 27363 --- [           main] iu.SpringBoot.Vaadin.Application         : Started Application in 4.149 seconds (process running for 4.325)
2026-01-08T10:26:10.620+09:00  WARN 27363 --- [           main] iu.SpringBoot.Vaadin.Application         : app.security.skip-login is ENABLED: login page is skipped and admin is auto-authenticated.
