2026-01-08T10:23:24.389+0900 [DEBUG] [org.gradle.launcher.daemon.bootstrap.DaemonMain] Assuming the daemon was started with following jvm opts: [--add-opens=java.base/java.util=ALL-UNNAMED, --add-opens=java.base/java.lang=ALL-UNNAMED, --add-opens=java.base/java.lang.invoke=ALL-UNNAMED, --add-opens=java.prefs/java.util.prefs=ALL-UNNAMED, --add-opens=java.base/java.nio.charset=ALL-UNNAMED, --add-opens=java.base/java.net=ALL-UNNAMED, --add-opens=java.base/java.util.concurrent.atomic=ALL-UNNAMED, -XX:MaxMetaspaceSize=384m, -XX:+HeapDumpOnOutOfMemoryError, -Xms256m, -Xmx512m, -Dfile.encoding=UTF-8, -Duser.country=JP, -Duser.language=ja, -Duser.variant]
2026-01-08T10:23:24.461+0900 [INFO] [org.gradle.launcher.daemon.server.Daemon] start() called on daemon - DefaultDaemonContext[uid=95779366-7576-4027-8672-31e639d338b1,javaHome=/home/iu/miniconda3/envs/env_for_DECheck_java17/lib/jvm,daemonRegistryDir=/media/iu/STORAGE/__GitHub__/Prjct_2025_DEQACheck/.gradle-user/daemon,pid=25463,idleTimeout=120000,priority=NORMAL,applyInstrumentationAgent=true,daemonOpts=--add-opens=java.base/java.util=ALL-UNNAMED,--add-opens=java.base/java.lang=ALL-UNNAMED,--add-opens=java.base/java.lang.invoke=ALL-UNNAMED,--add-opens=java.prefs/java.util.prefs=ALL-UNNAMED,--add-opens=java.base/java.nio.charset=ALL-UNNAMED,--add-opens=java.base/java.net=ALL-UNNAMED,--add-opens=java.base/java.util.concurrent.atomic=ALL-UNNAMED,-XX:MaxMetaspaceSize=384m,-XX:+HeapDumpOnOutOfMemoryError,-Xms256m,-Xmx512m,-Dfile.encoding=UTF-8,-Duser.country=JP,-Duser.language=ja,-Duser.variant]
2026-01-08T10:23:24.473+0900 [DEBUG] [org.gradle.internal.remote.internal.inet.InetAddresses] Adding IP addresses for network interface docker0
2026-01-08T10:23:24.473+0900 [DEBUG] [org.gradle.internal.remote.internal.inet.InetAddresses] Is this a loopback interface? false
2026-01-08T10:23:24.473+0900 [DEBUG] [org.gradle.internal.remote.internal.inet.InetAddresses] Adding remote address /172.17.0.1
2026-01-08T10:23:24.474+0900 [DEBUG] [org.gradle.internal.remote.internal.inet.InetAddresses] Adding IP addresses for network interface wlo1
2026-01-08T10:23:24.474+0900 [DEBUG] [org.gradle.internal.remote.internal.inet.InetAddresses] Is this a loopback interface? false
2026-01-08T10:23:24.474+0900 [DEBUG] [org.gradle.internal.remote.internal.inet.InetAddresses] Adding remote address /fe80:0:0:0:2de2:dd21:f868:429c%wlo1
2026-01-08T10:23:24.474+0900 [DEBUG] [org.gradle.internal.remote.internal.inet.InetAddresses] Adding remote address /192.168.52.161
2026-01-08T10:23:24.474+0900 [DEBUG] [org.gradle.internal.remote.internal.inet.InetAddresses] Adding IP addresses for network interface lo
2026-01-08T10:23:24.474+0900 [DEBUG] [org.gradle.internal.remote.internal.inet.InetAddresses] Is this a loopback interface? true
2026-01-08T10:23:24.475+0900 [DEBUG] [org.gradle.internal.remote.internal.inet.InetAddresses] Adding loopback address /0:0:0:0:0:0:0:1%lo
2026-01-08T10:23:24.475+0900 [DEBUG] [org.gradle.internal.remote.internal.inet.InetAddresses] Adding loopback address /127.0.0.1
2026-01-08T10:23:24.476+0900 [DEBUG] [org.gradle.internal.remote.internal.inet.TcpIncomingConnector] Listening on [97bcbed1-2e0c-4421-8dd1-4d23a8f04c68 port:44191, addresses:[localhost/127.0.0.1]].
2026-01-08T10:23:24.483+0900 [DEBUG] [org.gradle.launcher.daemon.server.Daemon] Daemon starting at: Thu Jan 08 10:23:24 JST 2026, with address: [97bcbed1-2e0c-4421-8dd1-4d23a8f04c68 port:44191, addresses:[localhost/127.0.0.1]]
2026-01-08T10:23:24.483+0900 [INFO] [org.gradle.launcher.daemon.server.DaemonRegistryUpdater] Advertising the daemon address to the clients: [97bcbed1-2e0c-4421-8dd1-4d23a8f04c68 port:44191, addresses:[localhost/127.0.0.1]]
2026-01-08T10:23:24.484+0900 [DEBUG] [org.gradle.launcher.daemon.server.DaemonRegistryUpdater] Advertised daemon context: DefaultDaemonContext[uid=95779366-7576-4027-8672-31e639d338b1,javaHome=/home/iu/miniconda3/envs/env_for_DECheck_java17/lib/jvm,daemonRegistryDir=/media/iu/STORAGE/__GitHub__/Prjct_2025_DEQACheck/.gradle-user/daemon,pid=25463,idleTimeout=120000,priority=NORMAL,applyInstrumentationAgent=true,daemonOpts=--add-opens=java.base/java.util=ALL-UNNAMED,--add-opens=java.base/java.lang=ALL-UNNAMED,--add-opens=java.base/java.lang.invoke=ALL-UNNAMED,--add-opens=java.prefs/java.util.prefs=ALL-UNNAMED,--add-opens=java.base/java.nio.charset=ALL-UNNAMED,--add-opens=java.base/java.net=ALL-UNNAMED,--add-opens=java.base/java.util.concurrent.atomic=ALL-UNNAMED,-XX:MaxMetaspaceSize=384m,-XX:+HeapDumpOnOutOfMemoryError,-Xms256m,-Xmx512m,-Dfile.encoding=UTF-8,-Duser.country=JP,-Duser.language=ja,-Duser.variant]
2026-01-08T10:23:24.484+0900 [DEBUG] [org.gradle.launcher.daemon.registry.PersistentDaemonRegistry] Storing daemon address: [97bcbed1-2e0c-4421-8dd1-4d23a8f04c68 port:44191, addresses:[localhost/127.0.0.1]], context: DefaultDaemonContext[uid=95779366-7576-4027-8672-31e639d338b1,javaHome=/home/iu/miniconda3/envs/env_for_DECheck_java17/lib/jvm,daemonRegistryDir=/media/iu/STORAGE/__GitHub__/Prjct_2025_DEQACheck/.gradle-user/daemon,pid=25463,idleTimeout=120000,priority=NORMAL,applyInstrumentationAgent=true,daemonOpts=--add-opens=java.base/java.util=ALL-UNNAMED,--add-opens=java.base/java.lang=ALL-UNNAMED,--add-opens=java.base/java.lang.invoke=ALL-UNNAMED,--add-opens=java.prefs/java.util.prefs=ALL-UNNAMED,--add-opens=java.base/java.nio.charset=ALL-UNNAMED,--add-opens=java.base/java.net=ALL-UNNAMED,--add-opens=java.base/java.util.concurrent.atomic=ALL-UNNAMED,-XX:MaxMetaspaceSize=384m,-XX:+HeapDumpOnOutOfMemoryError,-Xms256m,-Xmx512m,-Dfile.encoding=UTF-8,-Duser.country=JP,-Duser.language=ja,-Duser.variant]
2026-01-08T10:23:24.489+0900 [DEBUG] [org.gradle.cache.internal.DefaultFileLockManager] Waiting to acquire exclusive lock on daemon addresses registry.
2026-01-08T10:23:24.491+0900 [DEBUG] [org.gradle.cache.internal.DefaultFileLockManager] Lock acquired on daemon addresses registry.
2026-01-08T10:23:24.493+0900 [DEBUG] [org.gradle.cache.internal.DefaultFileLockManager] Releasing lock on daemon addresses registry.
2026-01-08T10:23:24.493+0900 [LIFECYCLE] [org.gradle.launcher.daemon.server.Daemon] Daemon server started.
2026-01-08T10:23:24.494+0900 [DEBUG] [org.gradle.launcher.daemon.bootstrap.DaemonStartupCommunication] Completed writing the daemon greeting. Closing streams...
2026-01-08T10:23:24.496+0900 [DEBUG] [org.gradle.launcher.daemon.server.Daemon] stopOnExpiration() called on daemon
2026-01-08T10:23:24.497+0900 [DEBUG] [org.gradle.launcher.daemon.server.Daemon] awaitExpiration() called on daemon
2026-01-08T10:23:24.497+0900 [DEBUG] [org.gradle.launcher.daemon.server.DaemonStateCoordinator] daemon is running. Sleeping until state changes.
2026-01-08T10:23:24.510+0900 [DEBUG] [org.gradle.internal.remote.internal.inet.TcpIncomingConnector] Accepted connection from /127.0.0.1:42570 to /127.0.0.1:44191.
2026-01-08T10:23:24.545+0900 [DEBUG] [org.gradle.launcher.daemon.server.SynchronizedDispatchConnection] thread 29: received class org.gradle.launcher.daemon.protocol.Build
2026-01-08T10:23:24.545+0900 [DEBUG] [org.gradle.launcher.daemon.server.DefaultDaemonConnection] thread 29: Received non-IO message from client: Build{id=bd3609e9-6df8-43e5-9bf1-9d3257d69c82, currentDir=/media/iu/STORAGE/__GitHub__/Prjct_2025_DEQACheck}
2026-01-08T10:23:24.545+0900 [INFO] [org.gradle.launcher.daemon.server.DefaultIncomingConnectionHandler] Received command: Build{id=bd3609e9-6df8-43e5-9bf1-9d3257d69c82, currentDir=/media/iu/STORAGE/__GitHub__/Prjct_2025_DEQACheck}.
2026-01-08T10:23:24.546+0900 [DEBUG] [org.gradle.launcher.daemon.server.DefaultIncomingConnectionHandler] Starting executing command: Build{id=bd3609e9-6df8-43e5-9bf1-9d3257d69c82, currentDir=/media/iu/STORAGE/__GitHub__/Prjct_2025_DEQACheck} with connection: socket connection from /127.0.0.1:44191 to /127.0.0.1:42570.
2026-01-08T10:23:24.548+0900 [DEBUG] [org.gradle.launcher.daemon.server.DaemonStateCoordinator] Command execution: started DaemonCommandExecution[command = Build{id=bd3609e9-6df8-43e5-9bf1-9d3257d69c82, currentDir=/media/iu/STORAGE/__GitHub__/Prjct_2025_DEQACheck}, connection = DefaultDaemonConnection: socket connection from /127.0.0.1:44191 to /127.0.0.1:42570] after 0.0 minutes of idle
2026-01-08T10:23:24.548+0900 [INFO] [org.gradle.launcher.daemon.server.DaemonRegistryUpdater] Marking the daemon as busy, address: [97bcbed1-2e0c-4421-8dd1-4d23a8f04c68 port:44191, addresses:[localhost/127.0.0.1]]
2026-01-08T10:23:24.548+0900 [DEBUG] [org.gradle.launcher.daemon.registry.PersistentDaemonRegistry] Marking busy by address: [97bcbed1-2e0c-4421-8dd1-4d23a8f04c68 port:44191, addresses:[localhost/127.0.0.1]]
2026-01-08T10:23:24.548+0900 [DEBUG] [org.gradle.cache.internal.DefaultFileLockManager] Waiting to acquire exclusive lock on daemon addresses registry.
2026-01-08T10:23:24.549+0900 [DEBUG] [org.gradle.cache.internal.DefaultFileLockManager] Lock acquired on daemon addresses registry.
2026-01-08T10:23:24.549+0900 [DEBUG] [org.gradle.cache.internal.DefaultFileLockManager] Releasing lock on daemon addresses registry.
2026-01-08T10:23:24.549+0900 [DEBUG] [org.gradle.launcher.daemon.server.DaemonStateCoordinator] resetting idle timer
2026-01-08T10:23:24.549+0900 [DEBUG] [org.gradle.launcher.daemon.server.DaemonStateCoordinator] daemon is running. Sleeping until state changes.
2026-01-08T10:23:24.550+0900 [INFO] [org.gradle.launcher.daemon.server.exec.StartBuildOrRespondWithBusy] Daemon is about to start building Build{id=bd3609e9-6df8-43e5-9bf1-9d3257d69c82, currentDir=/media/iu/STORAGE/__GitHub__/Prjct_2025_DEQACheck}. Dispatching build started information...
2026-01-08T10:23:24.550+0900 [DEBUG] [org.gradle.launcher.daemon.server.SynchronizedDispatchConnection] thread 31: dispatching org.gradle.launcher.daemon.protocol.BuildStarted@3826b9f6
2026-01-08T10:23:24.552+0900 [DEBUG] [org.gradle.launcher.daemon.server.exec.EstablishBuildEnvironment] Configuring env variables: [PATH, XMODIFIERS, MNI_PERL5LIB, GDMSESSION, FS_OVERRIDE, CONDA_DEFAULT_ENV, CONDA_PYTHON_EXE, DBUS_SESSION_BUS_ADDRESS, CONDA_PREFIX, COLORTERM, PS1_BASE, LC_PAPER, SDKMAN_DIR, SESSION_MANAGER, USERNAME, PWD, ENABLE_IDE_INTEGRATION, SDKMAN_BROKER_API, LANGUAGE, FSFAST_HOME, NVM_CD_FLAGS, LESSOPEN, SDKMAN_CANDIDATES_API, DIRENV_DIFF, LOCAL_DIR, GNOME_DESKTOP_SESSION_ID, GNOME_TERMINAL_SCREEN, GTK_MODULES, TERM_SESSION_ID, FSL_BIN, DIRENV_WATCHES, CONDA_PROMPT_MODIFIER, GNOME_SETUP_DISPLAY, FSF_OUTPUT_FORMAT, SHLVL, GSETTINGS_SCHEMA_DIR_CONDA_BACKUP, FSLOUTPUTTYPE, CONDA_EXE, JAVA_HOME, TERM, XDG_CONFIG_DIRS, GRADLE_HOME, GRADLE_USER_HOME, NVM_INC, WAYLAND_DISPLAY, LC_NAME, PS1_BASE_SET, XDG_SESSION_CLASS, _, JAVA_LD_LIBRARY_PATH, DESKTOP_SESSION, XDG_MENU_PREFIX, VTE_VERSION, QT_ACCESSIBILITY, TERMINAL_EMULATOR, FSL_SKIP_GLOBAL, NVM_BIN, LC_MEASUREMENT, XAUTHORITY, LC_TELEPHONE, XDG_DATA_DIRS, FSLMULTIFILEQUIT, LC_TIME, XDG_CURRENT_DESKTOP, LOGNAME, IM_CONFIG_PHASE, MINC_LIB_DIR, FMRI_ANALYSIS_DIR, FSL_LOAD_NIFTI_EXTENSIONS, CODEX_MANAGED_BY_NPM, SHELL, CODEX_SANDBOX_NETWORK_DISABLED, LC_ADDRESS, FSLWISH, OLDPWD, MNI_DATAPATH, CLAUDE_CODE_SSE_PORT, SUBJECTS_DIR, FSLTCLSH, SYSTEMD_EXEC_PID, FSL_DIR, LS_COLORS, XDG_SESSION_DESKTOP, SSH_AGENT_LAUNCHER, LC_IDENTIFICATION, LESSCLOSE, LC_MONETARY, MINC_BIN_DIR, QT_IM_MODULE, FSLDIR, GNOME_TERMINAL_SERVICE, FIX_VERTEX_AREA, LANG, XDG_SESSION_TYPE, DISPLAY, DIRENV_DIR, PERL5LIB, CONDA_SHLVL, SDKMAN_CANDIDATES_DIR, NVM_DIR, OS, SDKMAN_PLATFORM, USER, LC_NUMERIC, SSH_AUTH_SOCK, FREESURFER_HOME, FUNCTIONALS_DIR, GSETTINGS_SCHEMA_DIR, IM_CONFIG_CHECK_ENV, GNOME_SHELL_SESSION_MODE, MNI_DIR, XDG_RUNTIME_DIR, HOME]
2026-01-08T10:23:24.553+0900 [DEBUG] [org.gradle.launcher.daemon.server.SynchronizedDispatchConnection] thread 29: received class org.gradle.launcher.daemon.protocol.CloseInput
2026-01-08T10:23:24.553+0900 [DEBUG] [org.gradle.launcher.daemon.server.DefaultDaemonConnection] thread 29: Received IO message from client: org.gradle.launcher.daemon.protocol.CloseInput@12cea805
2026-01-08T10:23:24.555+0900 [DEBUG] [org.gradle.launcher.daemon.server.exec.LogToClient] About to start relaying all logs to the client via the connection.
2026-01-08T10:23:24.555+0900 [INFO] [org.gradle.launcher.daemon.server.exec.LogToClient] The client will now receive all logging from the daemon (pid: 25463). The daemon log file: /media/iu/STORAGE/__GitHub__/Prjct_2025_DEQACheck/.gradle-user/daemon/8.4/daemon-25463.out.log
2026-01-08T10:23:24.556+0900 [INFO] [org.gradle.launcher.daemon.server.exec.ForwardClientInput] Closing daemon's stdin at end of input.
2026-01-08T10:23:24.556+0900 [INFO] [org.gradle.launcher.daemon.server.exec.ForwardClientInput] The daemon will no longer process any standard input.
2026-01-08T10:23:24.556+0900 [DEBUG] [org.gradle.launcher.daemon.server.exec.RequestStopIfSingleUsedDaemon] Requesting daemon stop after processing Build{id=bd3609e9-6df8-43e5-9bf1-9d3257d69c82, currentDir=/media/iu/STORAGE/__GitHub__/Prjct_2025_DEQACheck}
2026-01-08T10:23:24.557+0900 [LIFECYCLE] [org.gradle.launcher.daemon.server.DaemonStateCoordinator] Daemon will be stopped at the end of the build 
2026-01-08T10:23:24.557+0900 [DEBUG] [org.gradle.launcher.daemon.server.DaemonStateCoordinator] Stop as soon as idle requested. The daemon is busy: true
2026-01-08T10:23:24.557+0900 [DEBUG] [org.gradle.launcher.daemon.server.DaemonStateCoordinator] daemon stop has been requested. Sleeping until state changes.
2026-01-08T10:23:24.557+0900 [DEBUG] [org.gradle.launcher.daemon.server.exec.ExecuteBuild] The daemon has started executing the build.
2026-01-08T10:23:24.557+0900 [DEBUG] [org.gradle.launcher.daemon.server.exec.ExecuteBuild] Executing build with daemon context: DefaultDaemonContext[uid=95779366-7576-4027-8672-31e639d338b1,javaHome=/home/iu/miniconda3/envs/env_for_DECheck_java17/lib/jvm,daemonRegistryDir=/media/iu/STORAGE/__GitHub__/Prjct_2025_DEQACheck/.gradle-user/daemon,pid=25463,idleTimeout=120000,priority=NORMAL,applyInstrumentationAgent=true,daemonOpts=--add-opens=java.base/java.util=ALL-UNNAMED,--add-opens=java.base/java.lang=ALL-UNNAMED,--add-opens=java.base/java.lang.invoke=ALL-UNNAMED,--add-opens=java.prefs/java.util.prefs=ALL-UNNAMED,--add-opens=java.base/java.nio.charset=ALL-UNNAMED,--add-opens=java.base/java.net=ALL-UNNAMED,--add-opens=java.base/java.util.concurrent.atomic=ALL-UNNAMED,-XX:MaxMetaspaceSize=384m,-XX:+HeapDumpOnOutOfMemoryError,-Xms256m,-Xmx512m,-Dfile.encoding=UTF-8,-Duser.country=JP,-Duser.language=ja,-Duser.variant]

  .   ____          _            __ _ _
 /\\ / ___'_ __ _ _(_)_ __  __ _ \ \ \ \
( ( )\___ | '_ | '_| | '_ \/ _` | \ \ \ \
 \\/  ___)| |_)| | | | | || (_| |  ) ) ) )
  '  |____| .__|_| |_|_| |_\__, | / / / /
 =========|_|==============|___/=/_/_/_/

 :: Spring Boot ::                (v3.3.4)

2026-01-08T10:25:02.376+09:00  INFO 26580 --- [           main] iu.SpringBoot.Vaadin.Application         : Starting Application using Java 17.0.15-internal with PID 26580 (/media/iu/STORAGE/__GitHub__/Prjct_2025_DEQACheck/build/classes/java/main started by iu in /media/iu/STORAGE/__GitHub__/Prjct_2025_DEQACheck)
2026-01-08T10:25:02.377+09:00  INFO 26580 --- [           main] iu.SpringBoot.Vaadin.Application         : No active profile set, falling back to 1 default profile: "default"
2026-01-08T10:25:03.102+09:00  INFO 26580 --- [           main] o.s.b.w.embedded.tomcat.TomcatWebServer  : Tomcat initialized with port 8080 (http)
2026-01-08T10:25:03.108+09:00  INFO 26580 --- [           main] o.apache.catalina.core.StandardService   : Starting service [Tomcat]
2026-01-08T10:25:03.109+09:00  INFO 26580 --- [           main] o.apache.catalina.core.StandardEngine    : Starting Servlet engine: [Apache Tomcat/10.1.30]
2026-01-08T10:25:03.147+09:00  INFO 26580 --- [           main] o.a.c.c.C.[Tomcat].[localhost].[/]       : Initializing Spring embedded WebApplicationContext
2026-01-08T10:25:03.147+09:00  INFO 26580 --- [           main] w.s.c.ServletWebServerApplicationContext : Root WebApplicationContext: initialization completed in 746 ms
2026-01-08T10:25:03.227+09:00  INFO 26580 --- [           main] org.atmosphere.cpr.AtmosphereFramework   : Installed AtmosphereHandler com.vaadin.hilla.push.PushEndpoint mapped to context-path: /HILLA/push
2026-01-08T10:25:03.228+09:00  INFO 26580 --- [           main] org.atmosphere.cpr.AtmosphereFramework   : Installed the following AtmosphereInterceptor mapped to AtmosphereHandler com.vaadin.hilla.push.PushEndpoint
2026-01-08T10:25:03.228+09:00  INFO 26580 --- [           main] org.atmosphere.cpr.AtmosphereFramework   : 	org.atmosphere.interceptor.AtmosphereResourceLifecycleInterceptor : Atmosphere LifeCycle
2026-01-08T10:25:03.228+09:00  INFO 26580 --- [           main] org.atmosphere.cpr.AtmosphereFramework   : 	org.atmosphere.client.TrackMessageSizeInterceptor :  Track Message Size Interceptor using |
2026-01-08T10:25:03.228+09:00  INFO 26580 --- [           main] org.atmosphere.cpr.AtmosphereFramework   : 	org.atmosphere.interceptor.SuspendTrackerInterceptor : UUID Tracking Interceptor
2026-01-08T10:25:03.233+09:00 ERROR 26580 --- [           main] o.s.b.web.embedded.tomcat.TomcatStarter  : Error starting Tomcat context. Exception: org.springframework.beans.factory.UnsatisfiedDependencyException. Message: Error creating bean with name 'debugAutoLoginFilter' defined in file [/media/iu/STORAGE/__GitHub__/Prjct_2025_DEQACheck/build/classes/java/main/iu/SpringBoot/Vaadin/security/DebugAutoLoginFilter.class]: Unsatisfied dependency expressed through constructor parameter 1: Error creating bean with name 'securityConfig' defined in file [/media/iu/STORAGE/__GitHub__/Prjct_2025_DEQACheck/build/classes/java/main/iu/SpringBoot/Vaadin/security/SecurityConfig.class]: Unsatisfied dependency expressed through constructor parameter 0: Error creating bean with name 'debugAutoLoginFilter': Requested bean is currently in creation: Is there an unresolvable circular reference?
2026-01-08T10:25:03.247+09:00  INFO 26580 --- [           main] o.apache.catalina.core.StandardService   : Stopping service [Tomcat]
2026-01-08T10:25:03.251+09:00  WARN 26580 --- [           main] ConfigServletWebServerApplicationContext : Exception encountered during context initialization - cancelling refresh attempt: org.springframework.context.ApplicationContextException: Unable to start web server
2026-01-08T10:25:03.257+09:00  INFO 26580 --- [           main] .s.b.a.l.ConditionEvaluationReportLogger : 

Error starting ApplicationContext. To display the condition evaluation report re-run your application with 'debug' enabled.
2026-01-08T10:25:03.265+09:00 ERROR 26580 --- [           main] o.s.b.d.LoggingFailureAnalysisReporter   : 

***************************
APPLICATION FAILED TO START
***************************

Description:

The dependencies of some of the beans in the application context form a cycle:

┌─────┐
|  debugAutoLoginFilter defined in file [/media/iu/STORAGE/__GitHub__/Prjct_2025_DEQACheck/build/classes/java/main/iu/SpringBoot/Vaadin/security/DebugAutoLoginFilter.class]
↑     ↓
|  securityConfig defined in file [/media/iu/STORAGE/__GitHub__/Prjct_2025_DEQACheck/build/classes/java/main/iu/SpringBoot/Vaadin/security/SecurityConfig.class]
└─────┘


Action:

Relying upon circular references is discouraged and they are prohibited by default. Update your application to remove the dependency cycle between beans. As a last resort, it may be possible to break the cycle automatically by setting spring.main.allow-circular-references to true.


FAILURE: Build failed with an exception.

* What went wrong:
Execution failed for task ':bootRun'.
> Process 'command '/home/iu/miniconda3/envs/env_for_DECheck_java17/lib/jvm/bin/java'' finished with non-zero exit value 1

* Try:
> Run with --stacktrace option to get the stack trace.
> Run with --info or --debug option to get more log output.
> Run with --scan to get full insights.
> Get more help at https://help.gradle.org.

BUILD FAILED in 1m 39s
5 actionable tasks: 1 executed, 4 up-to-date
2026-01-08T10:25:03.332+0900 [DEBUG] [org.gradle.launcher.daemon.server.exec.ExecuteBuild] The daemon has finished executing the build.
2026-01-08T10:25:03.343+0900 [DEBUG] [org.gradle.launcher.daemon.server.DaemonStateCoordinator] daemon stop has been requested. Sleeping until state changes.
2026-01-08T10:25:03.343+0900 [DEBUG] [org.gradle.launcher.daemon.server.DaemonStateCoordinator] Command execution: finished waiting for DaemonCommandExecution[command = Build{id=bd3609e9-6df8-43e5-9bf1-9d3257d69c82, currentDir=/media/iu/STORAGE/__GitHub__/Prjct_2025_DEQACheck}, connection = DefaultDaemonConnection: socket connection from /127.0.0.1:44191 to /127.0.0.1:42570]. Result org.gradle.launcher.daemon.server.DaemonStateCoordinator@23c2587a with state StopRequested
2026-01-08T10:25:03.343+0900 [DEBUG] [org.gradle.launcher.daemon.server.DaemonStateCoordinator] Command execution: completed DaemonCommandExecution[command = Build{id=bd3609e9-6df8-43e5-9bf1-9d3257d69c82, currentDir=/media/iu/STORAGE/__GitHub__/Prjct_2025_DEQACheck}, connection = DefaultDaemonConnection: socket connection from /127.0.0.1:44191 to /127.0.0.1:42570]
2026-01-08T10:25:03.343+0900 [DEBUG] [org.gradle.launcher.daemon.server.DaemonStateCoordinator] resetting idle timer
2026-01-08T10:25:03.344+0900 [DEBUG] [org.gradle.launcher.daemon.server.DaemonStateCoordinator] Marking daemon stopped due to command completed and stop requested. The daemon is running a build: false
2026-01-08T10:25:03.344+0900 [DEBUG] [org.gradle.launcher.daemon.server.DaemonStateCoordinator] daemon has stopped.
2026-01-08T10:25:03.344+0900 [DEBUG] [org.gradle.launcher.daemon.server.Daemon] stop() called on daemon
2026-01-08T10:25:03.344+0900 [INFO] [org.gradle.launcher.daemon.server.Daemon] Stop requested. Daemon is removing its presence from the registry...
2026-01-08T10:25:03.344+0900 [DEBUG] [org.gradle.launcher.daemon.server.exec.ReturnResult] Daemon is dispatching the build result: Success[value=org.gradle.launcher.exec.BuildActionResult@424665e3]
2026-01-08T10:25:03.344+0900 [DEBUG] [org.gradle.launcher.daemon.server.DaemonRegistryUpdater] Removing our presence to clients, eg. removing this address from the registry: [97bcbed1-2e0c-4421-8dd1-4d23a8f04c68 port:44191, addresses:[localhost/127.0.0.1]]
2026-01-08T10:25:03.344+0900 [DEBUG] [org.gradle.launcher.daemon.registry.PersistentDaemonRegistry] Removing daemon address: [97bcbed1-2e0c-4421-8dd1-4d23a8f04c68 port:44191, addresses:[localhost/127.0.0.1]]
2026-01-08T10:25:03.344+0900 [DEBUG] [org.gradle.launcher.daemon.server.SynchronizedDispatchConnection] thread 28: dispatching Success[value=org.gradle.launcher.exec.BuildActionResult@424665e3]
2026-01-08T10:25:03.344+0900 [DEBUG] [org.gradle.cache.internal.DefaultFileLockManager] Waiting to acquire exclusive lock on daemon addresses registry.
2026-01-08T10:25:03.344+0900 [DEBUG] [org.gradle.cache.internal.DefaultFileLockManager] Lock acquired on daemon addresses registry.
2026-01-08T10:25:03.345+0900 [DEBUG] [org.gradle.cache.internal.DefaultFileLockManager] Releasing lock on daemon addresses registry.
2026-01-08T10:25:03.345+0900 [DEBUG] [org.gradle.launcher.daemon.server.DaemonRegistryUpdater] Address removed from registry.
2026-01-08T10:25:03.348+0900 [DEBUG] [org.gradle.launcher.daemon.server.DefaultIncomingConnectionHandler] Finishing executing command: Build{id=bd3609e9-6df8-43e5-9bf1-9d3257d69c82, currentDir=/media/iu/STORAGE/__GitHub__/Prjct_2025_DEQACheck}
2026-01-08T10:25:03.363+0900 [DEBUG] [org.gradle.launcher.daemon.server.SynchronizedDispatchConnection] thread 29: received class org.gradle.launcher.daemon.protocol.Finished
2026-01-08T10:25:03.364+0900 [DEBUG] [org.gradle.launcher.daemon.server.DefaultDaemonConnection] thread 29: Received non-IO message from client: org.gradle.launcher.daemon.protocol.Finished@3832f1cf
2026-01-08T10:25:03.364+0900 [DEBUG] [org.gradle.launcher.daemon.server.DefaultIncomingConnectionHandler] Received finished message: org.gradle.launcher.daemon.protocol.Finished@3832f1cf
2026-01-08T10:25:03.364+0900 [DEBUG] [org.gradle.launcher.daemon.server.SynchronizedDispatchConnection] thread 28: stopping connection
2026-01-08T10:25:03.365+0900 [DEBUG] [org.gradle.internal.remote.internal.inet.SocketConnection] Discarding EOFException: java.io.EOFException
2026-01-08T10:25:03.365+0900 [DEBUG] [org.gradle.launcher.daemon.server.SynchronizedDispatchConnection] thread 29: received null
2026-01-08T10:25:03.365+0900 [DEBUG] [org.gradle.launcher.daemon.server.DefaultDaemonConnection] thread 29: Received end-of-input from client.
2026-01-08T10:25:03.365+0900 [DEBUG] [org.gradle.launcher.daemon.server.SynchronizedDispatchConnection] thread 28: stopping connection
2026-01-08T10:25:03.366+0900 [DEBUG] [org.gradle.cache.internal.LockOnDemandCrossProcessCacheAccess] Releasing file lock for jars (/media/iu/STORAGE/__GitHub__/Prjct_2025_DEQACheck/.gradle-user/caches/jars-9)
2026-01-08T10:25:03.366+0900 [DEBUG] [org.gradle.cache.internal.DefaultFileLockManager] Releasing lock on jars (/media/iu/STORAGE/__GitHub__/Prjct_2025_DEQACheck/.gradle-user/caches/jars-9).
2026-01-08T10:25:03.367+0900 [DEBUG] [org.gradle.cache.internal.DefaultCacheCoordinator] Cache Artifact transforms cache (/media/iu/STORAGE/__GitHub__/Prjct_2025_DEQACheck/.gradle-user/caches/transforms-3) was closed 0 times.
2026-01-08T10:25:03.367+0900 [DEBUG] [org.gradle.cache.internal.LockOnDemandCrossProcessCacheAccess] Releasing file lock for file content cache (/media/iu/STORAGE/__GitHub__/Prjct_2025_DEQACheck/.gradle-user/caches/8.4/fileContent)
2026-01-08T10:25:03.368+0900 [DEBUG] [org.gradle.cache.internal.DefaultFileLockManager] Releasing lock on file content cache (/media/iu/STORAGE/__GitHub__/Prjct_2025_DEQACheck/.gradle-user/caches/8.4/fileContent).
2026-01-08T10:25:03.368+0900 [DEBUG] [org.gradle.internal.watch.vfs.impl.WatchingVirtualFileSystem] Closing VFS, dropping state
2026-01-08T10:25:03.369+0900 [DEBUG] [org.gradle.internal.watch.registry.impl.DefaultFileWatcherRegistry] Finished listening to file system change events
2026-01-08T10:25:03.369+0900 [DEBUG] [org.gradle.cache.internal.DefaultCacheCoordinator] Cache Generated Gradle JARs cache (/media/iu/STORAGE/__GitHub__/Prjct_2025_DEQACheck/.gradle-user/caches/8.4/generated-gradle-jars) was closed 0 times.
2026-01-08T10:25:03.369+0900 [DEBUG] [org.gradle.cache.internal.LockOnDemandCrossProcessCacheAccess] Releasing file lock for artifact cache (/media/iu/STORAGE/__GitHub__/Prjct_2025_DEQACheck/.gradle-user/caches/modules-2)
2026-01-08T10:25:03.369+0900 [DEBUG] [org.gradle.cache.internal.btree.BTreePersistentIndexedCache] Closing cache module-artifact.bin (/media/iu/STORAGE/__GitHub__/Prjct_2025_DEQACheck/.gradle-user/caches/modules-2/metadata-2.106/module-artifact.bin)
2026-01-08T10:25:03.369+0900 [DEBUG] [org.gradle.cache.internal.btree.BTreePersistentIndexedCache] Closing cache resource-at-url.bin (/media/iu/STORAGE/__GitHub__/Prjct_2025_DEQACheck/.gradle-user/caches/modules-2/metadata-2.106/resource-at-url.bin)
2026-01-08T10:25:03.369+0900 [DEBUG] [org.gradle.cache.internal.btree.BTreePersistentIndexedCache] Closing cache module-metadata.bin (/media/iu/STORAGE/__GitHub__/Prjct_2025_DEQACheck/.gradle-user/caches/modules-2/metadata-2.106/module-metadata.bin)
2026-01-08T10:25:03.369+0900 [DEBUG] [org.gradle.cache.internal.DefaultFileLockManager] Releasing lock on artifact cache (/media/iu/STORAGE/__GitHub__/Prjct_2025_DEQACheck/.gradle-user/caches/modules-2).
2026-01-08T10:25:03.369+0900 [DEBUG] [org.gradle.cache.internal.LockOnDemandCrossProcessCacheAccess] Releasing file lock for journal cache (/media/iu/STORAGE/__GitHub__/Prjct_2025_DEQACheck/.gradle-user/caches/journal-1)
2026-01-08T10:25:03.369+0900 [DEBUG] [org.gradle.cache.internal.btree.BTreePersistentIndexedCache] Closing cache file-access.bin (/media/iu/STORAGE/__GitHub__/Prjct_2025_DEQACheck/.gradle-user/caches/journal-1/file-access.bin)
2026-01-08T10:25:03.369+0900 [DEBUG] [org.gradle.cache.internal.DefaultFileLockManager] Releasing lock on journal cache (/media/iu/STORAGE/__GitHub__/Prjct_2025_DEQACheck/.gradle-user/caches/journal-1).
2026-01-08T10:25:03.370+0900 [DEBUG] [org.gradle.cache.internal.LockOnDemandCrossProcessCacheAccess] Releasing file lock for file hash cache (/media/iu/STORAGE/__GitHub__/Prjct_2025_DEQACheck/.gradle-user/caches/8.4/fileHashes)
2026-01-08T10:25:03.370+0900 [DEBUG] [org.gradle.cache.internal.btree.BTreePersistentIndexedCache] Closing cache fileHashes.bin (/media/iu/STORAGE/__GitHub__/Prjct_2025_DEQACheck/.gradle-user/caches/8.4/fileHashes/fileHashes.bin)
2026-01-08T10:25:03.370+0900 [DEBUG] [org.gradle.cache.internal.btree.BTreePersistentIndexedCache] Closing cache resourceHashesCache.bin (/media/iu/STORAGE/__GitHub__/Prjct_2025_DEQACheck/.gradle-user/caches/8.4/fileHashes/resourceHashesCache.bin)
2026-01-08T10:25:03.370+0900 [DEBUG] [org.gradle.cache.internal.DefaultFileLockManager] Releasing lock on file hash cache (/media/iu/STORAGE/__GitHub__/Prjct_2025_DEQACheck/.gradle-user/caches/8.4/fileHashes).
2026-01-08T10:25:03.370+0900 [DEBUG] [org.gradle.cache.internal.LockOnDemandCrossProcessCacheAccess] Releasing file lock for execution history cache (/media/iu/STORAGE/__GitHub__/Prjct_2025_DEQACheck/.gradle-user/caches/8.4/executionHistory)
2026-01-08T10:25:03.370+0900 [DEBUG] [org.gradle.cache.internal.DefaultFileLockManager] Releasing lock on execution history cache (/media/iu/STORAGE/__GitHub__/Prjct_2025_DEQACheck/.gradle-user/caches/8.4/executionHistory).
2026-01-08T10:25:03.376+0900 [DEBUG] [org.gradle.cache.internal.VersionSpecificCacheCleanupAction] Processed version-specific caches at /media/iu/STORAGE/__GitHub__/Prjct_2025_DEQACheck/.gradle-user/caches for cleanup in 0.005 secs
2026-01-08T10:25:03.378+0900 [DEBUG] [org.gradle.launcher.daemon.registry.PersistentDaemonRegistry] Removing daemon address: [97bcbed1-2e0c-4421-8dd1-4d23a8f04c68 port:44191, addresses:[localhost/127.0.0.1]]
Daemon vm is shutting down... The daemon has exited normally or was terminated in response to a user interrupt.
2026-01-08T10:25:03.378+0900 [DEBUG] [org.gradle.cache.internal.DefaultFileLockManager] Waiting to acquire exclusive lock on daemon addresses registry.
2026-01-08T10:25:03.378+0900 [DEBUG] [org.gradle.cache.internal.DefaultFileLockManager] Lock acquired on daemon addresses registry.
2026-01-08T10:25:03.379+0900 [DEBUG] [org.gradle.cache.internal.DefaultFileLockManager] Releasing lock on daemon addresses registry.
