2026-03-27T12:10:19.836+0900 [DEBUG] [org.gradle.launcher.daemon.bootstrap.DaemonMain] Assuming the daemon was started with following jvm opts: [--add-opens=java.base/java.util=ALL-UNNAMED, --add-opens=java.base/java.lang=ALL-UNNAMED, --add-opens=java.base/java.lang.invoke=ALL-UNNAMED, --add-opens=java.prefs/java.util.prefs=ALL-UNNAMED, --add-opens=java.base/java.nio.charset=ALL-UNNAMED, --add-opens=java.base/java.net=ALL-UNNAMED, --add-opens=java.base/java.util.concurrent.atomic=ALL-UNNAMED, -XX:MaxMetaspaceSize=384m, -XX:+HeapDumpOnOutOfMemoryError, -Xms256m, -Xmx512m, -Dfile.encoding=UTF-8, -Duser.country, -Duser.language=en, -Duser.variant]
2026-03-27T12:10:19.985+0900 [INFO] [org.gradle.launcher.daemon.server.Daemon] start() called on daemon - DefaultDaemonContext[uid=51193db4-5427-44dc-baa1-a7acb8d6d77b,javaHome=/home/iu/miniconda3/envs/env_for_DECheck_java17/lib/jvm,daemonRegistryDir=/media/iu/STORAGE/__GitHub__/Prjct_2025_DEQACheck/.gradle-user/daemon,pid=169776,idleTimeout=120000,priority=NORMAL,applyInstrumentationAgent=true,daemonOpts=--add-opens=java.base/java.util=ALL-UNNAMED,--add-opens=java.base/java.lang=ALL-UNNAMED,--add-opens=java.base/java.lang.invoke=ALL-UNNAMED,--add-opens=java.prefs/java.util.prefs=ALL-UNNAMED,--add-opens=java.base/java.nio.charset=ALL-UNNAMED,--add-opens=java.base/java.net=ALL-UNNAMED,--add-opens=java.base/java.util.concurrent.atomic=ALL-UNNAMED,-XX:MaxMetaspaceSize=384m,-XX:+HeapDumpOnOutOfMemoryError,-Xms256m,-Xmx512m,-Dfile.encoding=UTF-8,-Duser.country,-Duser.language=en,-Duser.variant]
2026-03-27T12:10:20.023+0900 [DEBUG] [org.gradle.internal.remote.internal.inet.InetAddresses] Adding IP addresses for network interface docker0
2026-03-27T12:10:20.023+0900 [DEBUG] [org.gradle.internal.remote.internal.inet.InetAddresses] Is this a loopback interface? false
2026-03-27T12:10:20.024+0900 [DEBUG] [org.gradle.internal.remote.internal.inet.InetAddresses] Adding remote address /172.17.0.1
2026-03-27T12:10:20.024+0900 [DEBUG] [org.gradle.internal.remote.internal.inet.InetAddresses] Adding IP addresses for network interface tailscale0
2026-03-27T12:10:20.025+0900 [DEBUG] [org.gradle.internal.remote.internal.inet.InetAddresses] Is this a loopback interface? false
2026-03-27T12:10:20.028+0900 [DEBUG] [org.gradle.internal.remote.internal.inet.InetAddresses] Adding remote address /fd7a:115c:a1e0:0:0:0:9d01:fe31%tailscale0
2026-03-27T12:10:20.028+0900 [DEBUG] [org.gradle.internal.remote.internal.inet.InetAddresses] Adding remote address /fe80:0:0:0:653:e278:df70:dc4%tailscale0
2026-03-27T12:10:20.029+0900 [DEBUG] [org.gradle.internal.remote.internal.inet.InetAddresses] Adding remote address /100.108.254.18
2026-03-27T12:10:20.029+0900 [DEBUG] [org.gradle.internal.remote.internal.inet.InetAddresses] Adding IP addresses for network interface wlo1
2026-03-27T12:10:20.030+0900 [DEBUG] [org.gradle.internal.remote.internal.inet.InetAddresses] Is this a loopback interface? false
2026-03-27T12:10:20.030+0900 [DEBUG] [org.gradle.internal.remote.internal.inet.InetAddresses] Adding remote address /fe80:0:0:0:2de2:dd21:f868:429c%wlo1
2026-03-27T12:10:20.031+0900 [DEBUG] [org.gradle.internal.remote.internal.inet.InetAddresses] Adding remote address /192.168.52.162
2026-03-27T12:10:20.031+0900 [DEBUG] [org.gradle.internal.remote.internal.inet.InetAddresses] Adding IP addresses for network interface lo
2026-03-27T12:10:20.031+0900 [DEBUG] [org.gradle.internal.remote.internal.inet.InetAddresses] Is this a loopback interface? true
2026-03-27T12:10:20.032+0900 [DEBUG] [org.gradle.internal.remote.internal.inet.InetAddresses] Adding loopback address /0:0:0:0:0:0:0:1%lo
2026-03-27T12:10:20.032+0900 [DEBUG] [org.gradle.internal.remote.internal.inet.InetAddresses] Adding loopback address /127.0.0.1
2026-03-27T12:10:20.036+0900 [DEBUG] [org.gradle.internal.remote.internal.inet.TcpIncomingConnector] Listening on [caede6d4-2df1-4299-9264-1da4cf90c7f0 port:37843, addresses:[localhost/127.0.0.1]].
2026-03-27T12:10:20.052+0900 [DEBUG] [org.gradle.launcher.daemon.server.Daemon] Daemon starting at: Fri Mar 27 12:10:20 JST 2026, with address: [caede6d4-2df1-4299-9264-1da4cf90c7f0 port:37843, addresses:[localhost/127.0.0.1]]
2026-03-27T12:10:20.052+0900 [INFO] [org.gradle.launcher.daemon.server.DaemonRegistryUpdater] Advertising the daemon address to the clients: [caede6d4-2df1-4299-9264-1da4cf90c7f0 port:37843, addresses:[localhost/127.0.0.1]]
2026-03-27T12:10:20.053+0900 [DEBUG] [org.gradle.launcher.daemon.server.DaemonRegistryUpdater] Advertised daemon context: DefaultDaemonContext[uid=51193db4-5427-44dc-baa1-a7acb8d6d77b,javaHome=/home/iu/miniconda3/envs/env_for_DECheck_java17/lib/jvm,daemonRegistryDir=/media/iu/STORAGE/__GitHub__/Prjct_2025_DEQACheck/.gradle-user/daemon,pid=169776,idleTimeout=120000,priority=NORMAL,applyInstrumentationAgent=true,daemonOpts=--add-opens=java.base/java.util=ALL-UNNAMED,--add-opens=java.base/java.lang=ALL-UNNAMED,--add-opens=java.base/java.lang.invoke=ALL-UNNAMED,--add-opens=java.prefs/java.util.prefs=ALL-UNNAMED,--add-opens=java.base/java.nio.charset=ALL-UNNAMED,--add-opens=java.base/java.net=ALL-UNNAMED,--add-opens=java.base/java.util.concurrent.atomic=ALL-UNNAMED,-XX:MaxMetaspaceSize=384m,-XX:+HeapDumpOnOutOfMemoryError,-Xms256m,-Xmx512m,-Dfile.encoding=UTF-8,-Duser.country,-Duser.language=en,-Duser.variant]
2026-03-27T12:10:20.054+0900 [DEBUG] [org.gradle.launcher.daemon.registry.PersistentDaemonRegistry] Storing daemon address: [caede6d4-2df1-4299-9264-1da4cf90c7f0 port:37843, addresses:[localhost/127.0.0.1]], context: DefaultDaemonContext[uid=51193db4-5427-44dc-baa1-a7acb8d6d77b,javaHome=/home/iu/miniconda3/envs/env_for_DECheck_java17/lib/jvm,daemonRegistryDir=/media/iu/STORAGE/__GitHub__/Prjct_2025_DEQACheck/.gradle-user/daemon,pid=169776,idleTimeout=120000,priority=NORMAL,applyInstrumentationAgent=true,daemonOpts=--add-opens=java.base/java.util=ALL-UNNAMED,--add-opens=java.base/java.lang=ALL-UNNAMED,--add-opens=java.base/java.lang.invoke=ALL-UNNAMED,--add-opens=java.prefs/java.util.prefs=ALL-UNNAMED,--add-opens=java.base/java.nio.charset=ALL-UNNAMED,--add-opens=java.base/java.net=ALL-UNNAMED,--add-opens=java.base/java.util.concurrent.atomic=ALL-UNNAMED,-XX:MaxMetaspaceSize=384m,-XX:+HeapDumpOnOutOfMemoryError,-Xms256m,-Xmx512m,-Dfile.encoding=UTF-8,-Duser.country,-Duser.language=en,-Duser.variant]
2026-03-27T12:10:20.062+0900 [DEBUG] [org.gradle.cache.internal.DefaultFileLockManager] Waiting to acquire exclusive lock on daemon addresses registry.
2026-03-27T12:10:20.064+0900 [DEBUG] [org.gradle.cache.internal.DefaultFileLockManager] Lock acquired on daemon addresses registry.
2026-03-27T12:10:20.068+0900 [DEBUG] [org.gradle.cache.internal.DefaultFileLockManager] Releasing lock on daemon addresses registry.
2026-03-27T12:10:20.068+0900 [LIFECYCLE] [org.gradle.launcher.daemon.server.Daemon] Daemon server started.
2026-03-27T12:10:20.069+0900 [DEBUG] [org.gradle.launcher.daemon.bootstrap.DaemonStartupCommunication] Completed writing the daemon greeting. Closing streams...
2026-03-27T12:10:20.073+0900 [DEBUG] [org.gradle.launcher.daemon.server.Daemon] stopOnExpiration() called on daemon
2026-03-27T12:10:20.074+0900 [DEBUG] [org.gradle.launcher.daemon.server.Daemon] awaitExpiration() called on daemon
2026-03-27T12:10:20.075+0900 [DEBUG] [org.gradle.launcher.daemon.server.DaemonStateCoordinator] daemon is running. Sleeping until state changes.
2026-03-27T12:10:20.097+0900 [DEBUG] [org.gradle.internal.remote.internal.inet.TcpIncomingConnector] Accepted connection from /127.0.0.1:46994 to /127.0.0.1:37843.
2026-03-27T12:10:20.127+0900 [DEBUG] [org.gradle.launcher.daemon.server.SynchronizedDispatchConnection] thread 29: received class org.gradle.launcher.daemon.protocol.Build
2026-03-27T12:10:20.127+0900 [DEBUG] [org.gradle.launcher.daemon.server.DefaultDaemonConnection] thread 29: Received non-IO message from client: Build{id=eb88483a-1ee3-4d41-9b92-edd31849adbd, currentDir=/media/iu/STORAGE/__GitHub__/Prjct_2025_DEQACheck}
2026-03-27T12:10:20.127+0900 [INFO] [org.gradle.launcher.daemon.server.DefaultIncomingConnectionHandler] Received command: Build{id=eb88483a-1ee3-4d41-9b92-edd31849adbd, currentDir=/media/iu/STORAGE/__GitHub__/Prjct_2025_DEQACheck}.
2026-03-27T12:10:20.128+0900 [DEBUG] [org.gradle.launcher.daemon.server.DefaultIncomingConnectionHandler] Starting executing command: Build{id=eb88483a-1ee3-4d41-9b92-edd31849adbd, currentDir=/media/iu/STORAGE/__GitHub__/Prjct_2025_DEQACheck} with connection: socket connection from /127.0.0.1:37843 to /127.0.0.1:46994.
2026-03-27T12:10:20.129+0900 [DEBUG] [org.gradle.launcher.daemon.server.DaemonStateCoordinator] Command execution: started DaemonCommandExecution[command = Build{id=eb88483a-1ee3-4d41-9b92-edd31849adbd, currentDir=/media/iu/STORAGE/__GitHub__/Prjct_2025_DEQACheck}, connection = DefaultDaemonConnection: socket connection from /127.0.0.1:37843 to /127.0.0.1:46994] after 0.0 minutes of idle
2026-03-27T12:10:20.129+0900 [INFO] [org.gradle.launcher.daemon.server.DaemonRegistryUpdater] Marking the daemon as busy, address: [caede6d4-2df1-4299-9264-1da4cf90c7f0 port:37843, addresses:[localhost/127.0.0.1]]
2026-03-27T12:10:20.129+0900 [DEBUG] [org.gradle.launcher.daemon.registry.PersistentDaemonRegistry] Marking busy by address: [caede6d4-2df1-4299-9264-1da4cf90c7f0 port:37843, addresses:[localhost/127.0.0.1]]
2026-03-27T12:10:20.129+0900 [DEBUG] [org.gradle.cache.internal.DefaultFileLockManager] Waiting to acquire exclusive lock on daemon addresses registry.
2026-03-27T12:10:20.130+0900 [DEBUG] [org.gradle.cache.internal.DefaultFileLockManager] Lock acquired on daemon addresses registry.
2026-03-27T12:10:20.130+0900 [DEBUG] [org.gradle.cache.internal.DefaultFileLockManager] Releasing lock on daemon addresses registry.
2026-03-27T12:10:20.130+0900 [DEBUG] [org.gradle.launcher.daemon.server.DaemonStateCoordinator] resetting idle timer
2026-03-27T12:10:20.130+0900 [DEBUG] [org.gradle.launcher.daemon.server.DaemonStateCoordinator] daemon is running. Sleeping until state changes.
2026-03-27T12:10:20.131+0900 [INFO] [org.gradle.launcher.daemon.server.exec.StartBuildOrRespondWithBusy] Daemon is about to start building Build{id=eb88483a-1ee3-4d41-9b92-edd31849adbd, currentDir=/media/iu/STORAGE/__GitHub__/Prjct_2025_DEQACheck}. Dispatching build started information...
2026-03-27T12:10:20.131+0900 [DEBUG] [org.gradle.launcher.daemon.server.SynchronizedDispatchConnection] thread 31: dispatching org.gradle.launcher.daemon.protocol.BuildStarted@22f0b3c9
2026-03-27T12:10:20.132+0900 [DEBUG] [org.gradle.launcher.daemon.server.exec.EstablishBuildEnvironment] Configuring env variables: [PATH, XMODIFIERS, MNI_PERL5LIB, GDMSESSION, FS_OVERRIDE, _CONDA_EXE, CONDA_DEFAULT_ENV, CONDA_PYTHON_EXE, DBUS_SESSION_BUS_ADDRESS, CONDA_PREFIX, GH_PAGER, COLORTERM, PS1_BASE, LC_PAPER, SDKMAN_DIR, SESSION_MANAGER, USERNAME, PWD, ENABLE_IDE_INTEGRATION, SDKMAN_BROKER_API, LANGUAGE, FSFAST_HOME, NVM_CD_FLAGS, LESSOPEN, FIG_TERM, _CONDA_ROOT, JAVA_HOME_CONDA_BACKUP, PAGER, SDKMAN_CANDIDATES_API, DIRENV_DIFF, LOCAL_DIR, GNOME_DESKTOP_SESSION_ID, GNOME_TERMINAL_SCREEN, GTK_MODULES, PROCESS_LAUNCHED_BY_CW, TERM_SESSION_ID, LC_ALL, FSL_BIN, DBUS_STARTER_ADDRESS, DIRENV_WATCHES, CONDA_PROMPT_MODIFIER, LC_CTYPE, GNOME_SETUP_DISPLAY, FSF_OUTPUT_FORMAT, SHLVL, GSETTINGS_SCHEMA_DIR_CONDA_BACKUP, FSLOUTPUTTYPE, CONDA_EXE, JAVA_HOME, TERM, XDG_CONFIG_DIRS, GRADLE_HOME, GRADLE_USER_HOME, NVM_INC, WAYLAND_DISPLAY, CODEX_THREAD_ID, LC_NAME, PS1_BASE_SET, XDG_SESSION_CLASS, _, JAVA_LD_LIBRARY_PATH, DESKTOP_SESSION, XDG_MENU_PREFIX, VTE_VERSION, QT_ACCESSIBILITY, TERMINAL_EMULATOR, JAVA_LD_LIBRARY_PATH_BACKUP, FSL_SKIP_GLOBAL, NVM_BIN, LC_MEASUREMENT, XAUTHORITY, LC_TELEPHONE, XDG_DATA_DIRS, INTELLIJ_TERMINAL_COMMAND_BLOCKS_REWORKED, FSLMULTIFILEQUIT, LC_TIME, GIT_PAGER, XDG_CURRENT_DESKTOP, LOGNAME, IM_CONFIG_PHASE, MINC_LIB_DIR, FMRI_ANALYSIS_DIR, FSL_LOAD_NIFTI_EXTENSIONS, CODEX_MANAGED_BY_NPM, SHELL, CODEX_SANDBOX_NETWORK_DISABLED, CONDA_ROOT, LC_ADDRESS, FSLWISH, MNI_DATAPATH, CLAUDE_CODE_SSE_PORT, SUBJECTS_DIR, FSLTCLSH, SYSTEMD_EXEC_PID, FSL_DIR, LS_COLORS, XDG_SESSION_DESKTOP, SSH_AGENT_LAUNCHER, LC_IDENTIFICATION, LESSCLOSE, LC_MONETARY, MINC_BIN_DIR, QT_IM_MODULE, FSLDIR, GNOME_TERMINAL_SERVICE, FIX_VERTEX_AREA, LANG, XDG_SESSION_TYPE, DISPLAY, _CE_M, DIRENV_DIR, NO_COLOR, PERL5LIB, CONDA_SHLVL, SDKMAN_CANDIDATES_DIR, CODEX_CI, NVM_DIR, OS, SDKMAN_PLATFORM, PROCESS_LAUNCHED_BY_Q, USER, LC_NUMERIC, SSH_AUTH_SOCK, _CE_CONDA, FREESURFER_HOME, FUNCTIONALS_DIR, GSETTINGS_SCHEMA_DIR, IM_CONFIG_CHECK_ENV, GNOME_SHELL_SESSION_MODE, MNI_DIR, XDG_RUNTIME_DIR, DBUS_STARTER_BUS_TYPE, HOME]
2026-03-27T12:10:20.134+0900 [DEBUG] [org.gradle.launcher.daemon.server.SynchronizedDispatchConnection] thread 29: received class org.gradle.launcher.daemon.protocol.CloseInput
2026-03-27T12:10:20.134+0900 [DEBUG] [org.gradle.launcher.daemon.server.DefaultDaemonConnection] thread 29: Received IO message from client: org.gradle.launcher.daemon.protocol.CloseInput@3dda793c
2026-03-27T12:10:20.139+0900 [DEBUG] [org.gradle.launcher.daemon.server.exec.LogToClient] About to start relaying all logs to the client via the connection.
2026-03-27T12:10:20.139+0900 [INFO] [org.gradle.launcher.daemon.server.exec.LogToClient] The client will now receive all logging from the daemon (pid: 169776). The daemon log file: /media/iu/STORAGE/__GitHub__/Prjct_2025_DEQACheck/.gradle-user/daemon/8.4/daemon-169776.out.log
2026-03-27T12:10:20.140+0900 [INFO] [org.gradle.launcher.daemon.server.exec.ForwardClientInput] Closing daemon's stdin at end of input.
2026-03-27T12:10:20.140+0900 [INFO] [org.gradle.launcher.daemon.server.exec.ForwardClientInput] The daemon will no longer process any standard input.
2026-03-27T12:10:20.140+0900 [DEBUG] [org.gradle.launcher.daemon.server.exec.RequestStopIfSingleUsedDaemon] Requesting daemon stop after processing Build{id=eb88483a-1ee3-4d41-9b92-edd31849adbd, currentDir=/media/iu/STORAGE/__GitHub__/Prjct_2025_DEQACheck}
2026-03-27T12:10:20.140+0900 [LIFECYCLE] [org.gradle.launcher.daemon.server.DaemonStateCoordinator] Daemon will be stopped at the end of the build 
2026-03-27T12:10:20.140+0900 [DEBUG] [org.gradle.launcher.daemon.server.DaemonStateCoordinator] Stop as soon as idle requested. The daemon is busy: true
2026-03-27T12:10:20.140+0900 [DEBUG] [org.gradle.launcher.daemon.server.DaemonStateCoordinator] daemon stop has been requested. Sleeping until state changes.
2026-03-27T12:10:20.141+0900 [DEBUG] [org.gradle.launcher.daemon.server.exec.ExecuteBuild] The daemon has started executing the build.
2026-03-27T12:10:20.141+0900 [DEBUG] [org.gradle.launcher.daemon.server.exec.ExecuteBuild] Executing build with daemon context: DefaultDaemonContext[uid=51193db4-5427-44dc-baa1-a7acb8d6d77b,javaHome=/home/iu/miniconda3/envs/env_for_DECheck_java17/lib/jvm,daemonRegistryDir=/media/iu/STORAGE/__GitHub__/Prjct_2025_DEQACheck/.gradle-user/daemon,pid=169776,idleTimeout=120000,priority=NORMAL,applyInstrumentationAgent=true,daemonOpts=--add-opens=java.base/java.util=ALL-UNNAMED,--add-opens=java.base/java.lang=ALL-UNNAMED,--add-opens=java.base/java.lang.invoke=ALL-UNNAMED,--add-opens=java.prefs/java.util.prefs=ALL-UNNAMED,--add-opens=java.base/java.nio.charset=ALL-UNNAMED,--add-opens=java.base/java.net=ALL-UNNAMED,--add-opens=java.base/java.util.concurrent.atomic=ALL-UNNAMED,-XX:MaxMetaspaceSize=384m,-XX:+HeapDumpOnOutOfMemoryError,-Xms256m,-Xmx512m,-Dfile.encoding=UTF-8,-Duser.country,-Duser.language=en,-Duser.variant]

BUILD SUCCESSFUL in 8s
1 actionable task: 1 executed
2026-03-27T12:10:27.039+0900 [DEBUG] [org.gradle.launcher.daemon.server.exec.ExecuteBuild] The daemon has finished executing the build.
2026-03-27T12:10:27.042+0900 [DEBUG] [org.gradle.launcher.daemon.server.DaemonStateCoordinator] daemon stop has been requested. Sleeping until state changes.
2026-03-27T12:10:27.043+0900 [DEBUG] [org.gradle.launcher.daemon.server.DaemonStateCoordinator] Command execution: finished waiting for DaemonCommandExecution[command = Build{id=eb88483a-1ee3-4d41-9b92-edd31849adbd, currentDir=/media/iu/STORAGE/__GitHub__/Prjct_2025_DEQACheck}, connection = DefaultDaemonConnection: socket connection from /127.0.0.1:37843 to /127.0.0.1:46994]. Result org.gradle.launcher.daemon.server.DaemonStateCoordinator@39cb4b94 with state StopRequested
2026-03-27T12:10:27.043+0900 [DEBUG] [org.gradle.launcher.daemon.server.DaemonStateCoordinator] Command execution: completed DaemonCommandExecution[command = Build{id=eb88483a-1ee3-4d41-9b92-edd31849adbd, currentDir=/media/iu/STORAGE/__GitHub__/Prjct_2025_DEQACheck}, connection = DefaultDaemonConnection: socket connection from /127.0.0.1:37843 to /127.0.0.1:46994]
2026-03-27T12:10:27.043+0900 [DEBUG] [org.gradle.launcher.daemon.server.DaemonStateCoordinator] resetting idle timer
2026-03-27T12:10:27.043+0900 [DEBUG] [org.gradle.launcher.daemon.server.DaemonStateCoordinator] Marking daemon stopped due to command completed and stop requested. The daemon is running a build: false
2026-03-27T12:10:27.044+0900 [DEBUG] [org.gradle.launcher.daemon.server.DaemonStateCoordinator] daemon has stopped.
2026-03-27T12:10:27.044+0900 [DEBUG] [org.gradle.launcher.daemon.server.exec.ReturnResult] Daemon is dispatching the build result: Success[value=org.gradle.launcher.exec.BuildActionResult@305c35fa]
2026-03-27T12:10:27.044+0900 [DEBUG] [org.gradle.launcher.daemon.server.Daemon] stop() called on daemon
2026-03-27T12:10:27.044+0900 [DEBUG] [org.gradle.launcher.daemon.server.SynchronizedDispatchConnection] thread 28: dispatching Success[value=org.gradle.launcher.exec.BuildActionResult@305c35fa]
2026-03-27T12:10:27.044+0900 [INFO] [org.gradle.launcher.daemon.server.Daemon] Stop requested. Daemon is removing its presence from the registry...
2026-03-27T12:10:27.044+0900 [DEBUG] [org.gradle.launcher.daemon.server.DefaultIncomingConnectionHandler] Finishing executing command: Build{id=eb88483a-1ee3-4d41-9b92-edd31849adbd, currentDir=/media/iu/STORAGE/__GitHub__/Prjct_2025_DEQACheck}
2026-03-27T12:10:27.045+0900 [DEBUG] [org.gradle.launcher.daemon.server.DaemonRegistryUpdater] Removing our presence to clients, eg. removing this address from the registry: [caede6d4-2df1-4299-9264-1da4cf90c7f0 port:37843, addresses:[localhost/127.0.0.1]]
2026-03-27T12:10:27.045+0900 [DEBUG] [org.gradle.launcher.daemon.registry.PersistentDaemonRegistry] Removing daemon address: [caede6d4-2df1-4299-9264-1da4cf90c7f0 port:37843, addresses:[localhost/127.0.0.1]]
2026-03-27T12:10:27.046+0900 [DEBUG] [org.gradle.cache.internal.DefaultFileLockManager] Waiting to acquire exclusive lock on daemon addresses registry.
2026-03-27T12:10:27.046+0900 [DEBUG] [org.gradle.launcher.daemon.server.SynchronizedDispatchConnection] thread 29: received class org.gradle.launcher.daemon.protocol.Finished
2026-03-27T12:10:27.046+0900 [DEBUG] [org.gradle.cache.internal.DefaultFileLockManager] Lock acquired on daemon addresses registry.
2026-03-27T12:10:27.046+0900 [DEBUG] [org.gradle.launcher.daemon.server.DefaultDaemonConnection] thread 29: Received non-IO message from client: org.gradle.launcher.daemon.protocol.Finished@1955fd52
2026-03-27T12:10:27.046+0900 [DEBUG] [org.gradle.launcher.daemon.server.DefaultIncomingConnectionHandler] Received finished message: org.gradle.launcher.daemon.protocol.Finished@1955fd52
2026-03-27T12:10:27.046+0900 [DEBUG] [org.gradle.launcher.daemon.server.SynchronizedDispatchConnection] thread 28: stopping connection
2026-03-27T12:10:27.047+0900 [DEBUG] [org.gradle.cache.internal.DefaultFileLockManager] Releasing lock on daemon addresses registry.
2026-03-27T12:10:27.047+0900 [DEBUG] [org.gradle.launcher.daemon.server.DaemonRegistryUpdater] Address removed from registry.
2026-03-27T12:10:27.047+0900 [DEBUG] [org.gradle.internal.remote.internal.inet.SocketConnection] Discarding EOFException: java.io.EOFException
2026-03-27T12:10:27.048+0900 [DEBUG] [org.gradle.launcher.daemon.server.SynchronizedDispatchConnection] thread 29: received null
2026-03-27T12:10:27.048+0900 [DEBUG] [org.gradle.launcher.daemon.server.DefaultDaemonConnection] thread 29: Received end-of-input from client.
2026-03-27T12:10:27.048+0900 [DEBUG] [org.gradle.launcher.daemon.server.SynchronizedDispatchConnection] thread 28: stopping connection
2026-03-27T12:10:27.049+0900 [DEBUG] [org.gradle.cache.internal.LockOnDemandCrossProcessCacheAccess] Releasing file lock for jars (/media/iu/STORAGE/__GitHub__/Prjct_2025_DEQACheck/.gradle-user/caches/jars-9)
2026-03-27T12:10:27.049+0900 [DEBUG] [org.gradle.cache.internal.DefaultFileLockManager] Releasing lock on jars (/media/iu/STORAGE/__GitHub__/Prjct_2025_DEQACheck/.gradle-user/caches/jars-9).
2026-03-27T12:10:27.049+0900 [DEBUG] [org.gradle.cache.internal.DefaultPersistentDirectoryStore] jars (/media/iu/STORAGE/__GitHub__/Prjct_2025_DEQACheck/.gradle-user/caches/jars-9) has last been fully cleaned up 0 hours ago
2026-03-27T12:10:27.050+0900 [DEBUG] [org.gradle.cache.internal.DefaultPersistentDirectoryStore] Artifact transforms cache (/media/iu/STORAGE/__GitHub__/Prjct_2025_DEQACheck/.gradle-user/caches/transforms-3) has last been fully cleaned up 0 hours ago
2026-03-27T12:10:27.050+0900 [DEBUG] [org.gradle.cache.internal.DefaultCacheCoordinator] Cache Artifact transforms cache (/media/iu/STORAGE/__GitHub__/Prjct_2025_DEQACheck/.gradle-user/caches/transforms-3) was closed 0 times.
2026-03-27T12:10:27.051+0900 [DEBUG] [org.gradle.cache.internal.LockOnDemandCrossProcessCacheAccess] Releasing file lock for file content cache (/media/iu/STORAGE/__GitHub__/Prjct_2025_DEQACheck/.gradle-user/caches/8.4/fileContent)
2026-03-27T12:10:27.052+0900 [DEBUG] [org.gradle.cache.internal.DefaultFileLockManager] Releasing lock on file content cache (/media/iu/STORAGE/__GitHub__/Prjct_2025_DEQACheck/.gradle-user/caches/8.4/fileContent).
2026-03-27T12:10:27.052+0900 [DEBUG] [org.gradle.internal.watch.vfs.impl.WatchingVirtualFileSystem] Closing VFS, dropping state
2026-03-27T12:10:27.053+0900 [DEBUG] [org.gradle.cache.internal.DefaultCacheCoordinator] Cache Generated Gradle JARs cache (/media/iu/STORAGE/__GitHub__/Prjct_2025_DEQACheck/.gradle-user/caches/8.4/generated-gradle-jars) was closed 0 times.
2026-03-27T12:10:27.053+0900 [DEBUG] [org.gradle.internal.watch.registry.impl.DefaultFileWatcherRegistry] Finished listening to file system change events
2026-03-27T12:10:27.053+0900 [DEBUG] [org.gradle.cache.internal.LockOnDemandCrossProcessCacheAccess] Releasing file lock for artifact cache (/media/iu/STORAGE/__GitHub__/Prjct_2025_DEQACheck/.gradle-user/caches/modules-2)
2026-03-27T12:10:27.054+0900 [DEBUG] [org.gradle.cache.internal.btree.BTreePersistentIndexedCache] Closing cache module-artifact.bin (/media/iu/STORAGE/__GitHub__/Prjct_2025_DEQACheck/.gradle-user/caches/modules-2/metadata-2.106/module-artifact.bin)
2026-03-27T12:10:27.054+0900 [DEBUG] [org.gradle.cache.internal.btree.BTreePersistentIndexedCache] Closing cache module-metadata.bin (/media/iu/STORAGE/__GitHub__/Prjct_2025_DEQACheck/.gradle-user/caches/modules-2/metadata-2.106/module-metadata.bin)
2026-03-27T12:10:27.054+0900 [DEBUG] [org.gradle.cache.internal.DefaultFileLockManager] Releasing lock on artifact cache (/media/iu/STORAGE/__GitHub__/Prjct_2025_DEQACheck/.gradle-user/caches/modules-2).
2026-03-27T12:10:27.054+0900 [DEBUG] [org.gradle.cache.internal.DefaultPersistentDirectoryStore] artifact cache (/media/iu/STORAGE/__GitHub__/Prjct_2025_DEQACheck/.gradle-user/caches/modules-2) has last been fully cleaned up 0 hours ago
2026-03-27T12:10:27.055+0900 [DEBUG] [org.gradle.cache.internal.LockOnDemandCrossProcessCacheAccess] Releasing file lock for journal cache (/media/iu/STORAGE/__GitHub__/Prjct_2025_DEQACheck/.gradle-user/caches/journal-1)
2026-03-27T12:10:27.055+0900 [DEBUG] [org.gradle.cache.internal.btree.BTreePersistentIndexedCache] Closing cache file-access.bin (/media/iu/STORAGE/__GitHub__/Prjct_2025_DEQACheck/.gradle-user/caches/journal-1/file-access.bin)
2026-03-27T12:10:27.055+0900 [DEBUG] [org.gradle.cache.internal.DefaultFileLockManager] Releasing lock on journal cache (/media/iu/STORAGE/__GitHub__/Prjct_2025_DEQACheck/.gradle-user/caches/journal-1).
2026-03-27T12:10:27.055+0900 [DEBUG] [org.gradle.cache.internal.LockOnDemandCrossProcessCacheAccess] Releasing file lock for file hash cache (/media/iu/STORAGE/__GitHub__/Prjct_2025_DEQACheck/.gradle-user/caches/8.4/fileHashes)
2026-03-27T12:10:27.056+0900 [DEBUG] [org.gradle.cache.internal.btree.BTreePersistentIndexedCache] Closing cache fileHashes.bin (/media/iu/STORAGE/__GitHub__/Prjct_2025_DEQACheck/.gradle-user/caches/8.4/fileHashes/fileHashes.bin)
2026-03-27T12:10:27.056+0900 [DEBUG] [org.gradle.cache.internal.btree.BTreePersistentIndexedCache] Closing cache resourceHashesCache.bin (/media/iu/STORAGE/__GitHub__/Prjct_2025_DEQACheck/.gradle-user/caches/8.4/fileHashes/resourceHashesCache.bin)
2026-03-27T12:10:27.056+0900 [DEBUG] [org.gradle.cache.internal.DefaultFileLockManager] Releasing lock on file hash cache (/media/iu/STORAGE/__GitHub__/Prjct_2025_DEQACheck/.gradle-user/caches/8.4/fileHashes).
2026-03-27T12:10:27.056+0900 [DEBUG] [org.gradle.cache.internal.LockOnDemandCrossProcessCacheAccess] Releasing file lock for execution history cache (/media/iu/STORAGE/__GitHub__/Prjct_2025_DEQACheck/.gradle-user/caches/8.4/executionHistory)
2026-03-27T12:10:27.056+0900 [DEBUG] [org.gradle.cache.internal.DefaultFileLockManager] Releasing lock on execution history cache (/media/iu/STORAGE/__GitHub__/Prjct_2025_DEQACheck/.gradle-user/caches/8.4/executionHistory).
2026-03-27T12:10:27.056+0900 [DEBUG] [org.gradle.cache.internal.LockOnDemandCrossProcessCacheAccess] Releasing file lock for Java compile cache (/media/iu/STORAGE/__GitHub__/Prjct_2025_DEQACheck/.gradle-user/caches/8.4/javaCompile)
2026-03-27T12:10:27.056+0900 [DEBUG] [org.gradle.cache.internal.btree.BTreePersistentIndexedCache] Closing cache jarAnalysis.bin (/media/iu/STORAGE/__GitHub__/Prjct_2025_DEQACheck/.gradle-user/caches/8.4/javaCompile/jarAnalysis.bin)
2026-03-27T12:10:27.056+0900 [DEBUG] [org.gradle.cache.internal.btree.BTreePersistentIndexedCache] Closing cache classAnalysis.bin (/media/iu/STORAGE/__GitHub__/Prjct_2025_DEQACheck/.gradle-user/caches/8.4/javaCompile/classAnalysis.bin)
2026-03-27T12:10:27.057+0900 [DEBUG] [org.gradle.cache.internal.DefaultFileLockManager] Releasing lock on Java compile cache (/media/iu/STORAGE/__GitHub__/Prjct_2025_DEQACheck/.gradle-user/caches/8.4/javaCompile).
Daemon vm is shutting down... The daemon has exited normally or was terminated in response to a user interrupt.
2026-03-27T12:10:27.058+0900 [DEBUG] [org.gradle.launcher.daemon.registry.PersistentDaemonRegistry] Removing daemon address: [caede6d4-2df1-4299-9264-1da4cf90c7f0 port:37843, addresses:[localhost/127.0.0.1]]
2026-03-27T12:10:27.058+0900 [DEBUG] [org.gradle.cache.internal.DefaultFileLockManager] Waiting to acquire exclusive lock on daemon addresses registry.
2026-03-27T12:10:27.058+0900 [DEBUG] [org.gradle.cache.internal.DefaultFileLockManager] Lock acquired on daemon addresses registry.
2026-03-27T12:10:27.059+0900 [DEBUG] [org.gradle.cache.internal.DefaultFileLockManager] Releasing lock on daemon addresses registry.
